/Users/changchun/Library/Python/3.9/lib/python/site-packages/urllib3/__init__.py:35: NotOpenSSLWarning: urllib3 v2 only supports OpenSSL 1.1.1+, currently the 'ssl' module is compiled with 'LibreSSL 2.8.3'. See: https://github.com/urllib3/urllib3/issues/3020
  warnings.warn(
2025-12-13 12:23:28,471 - INFO - 阿里通义千问 (Qwen) 初始化成功
2025-12-13 12:23:28,474 - WARNING - 连接本地 Chrome 调试端口失败: __new__() got an unexpected keyword argument 'addr'
2025-12-13 12:23:28,474 - WARNING - ================================================================================
2025-12-13 12:23:28,474 - WARNING - 【重要提示】请先启动 Chrome 调试模式：
2025-12-13 12:23:28,474 - WARNING - Mac: open -n /Applications/Google\ Chrome.app --args --remote-debugging-port=9222
2025-12-13 12:23:28,474 - WARNING - Windows: "C:\Program Files\Google\Chrome\Application\chrome.exe" --remote-debugging-port=9222
2025-12-13 12:23:28,474 - WARNING - ================================================================================
2025-12-13 12:23:28,505 - INFO - 已降级为普通浏览器模式（小红书采集可能受限）
2025-12-13 12:23:28,505 - INFO - 市场雷达系统初始化完成，当前日期: 2025-12-13
2025-12-13 12:23:28,505 - INFO - ================================================================================
2025-12-13 12:23:28,505 - INFO - 海马课堂·市场雷达日报 - 开始运行
2025-12-13 12:23:28,506 - INFO - ================================================================================
2025-12-13 12:23:28,506 - INFO - 跳过登录步骤，假设浏览器已登录
2025-12-13 12:23:28,508 - INFO - ================================================================================
2025-12-13 12:23:28,508 - INFO - 第二阶段：抖音采集（真人深潜模式）
2025-12-13 12:23:28,508 - INFO - ================================================================================
2025-12-13 12:23:34,608 - INFO - 品牌: 路觅，使用 8 个组合关键词搜索
2025-12-13 12:23:34,609 - INFO - 搜索关键词: 路觅留学
2025-12-13 12:23:45,170 - INFO - 当前页面 URL: https://www.douyin.com/search/%E8%B7%AF%E8%A7%85%E7%95%99%E5%AD%A6?type=general
2025-12-13 12:23:55,183 - INFO - XPath 找到 0 个包含 /video/ 的链接
2025-12-13 12:23:55,184 - INFO - 找到 0 个视频链接
2025-12-13 12:23:55,184 - WARNING - 未找到任何视频，跳过关键词: 路觅留学
2025-12-13 12:23:55,184 - INFO - 搜索关键词: 路觅辅导
2025-12-13 12:24:06,101 - INFO - 当前页面 URL: https://www.douyin.com/search/%E8%B7%AF%E8%A7%85%E8%BE%85%E5%AF%BC?type=general
2025-12-13 12:24:16,116 - INFO - XPath 找到 0 个包含 /video/ 的链接
2025-12-13 12:24:16,117 - INFO - 找到 0 个视频链接
2025-12-13 12:24:16,117 - WARNING - 未找到任何视频，跳过关键词: 路觅辅导
2025-12-13 12:24:16,117 - INFO - 搜索关键词: 路觅网课
2025-12-13 12:24:27,364 - INFO - 当前页面 URL: https://www.douyin.com/search/%E8%B7%AF%E8%A7%85%E7%BD%91%E8%AF%BE?type=general
2025-12-13 12:24:37,371 - INFO - XPath 找到 0 个包含 /video/ 的链接
2025-12-13 12:24:37,372 - INFO - 找到 0 个视频链接
2025-12-13 12:24:37,372 - WARNING - 未找到任何视频，跳过关键词: 路觅网课
2025-12-13 12:24:37,372 - INFO - 搜索关键词: 路觅作业辅导
2025-12-13 12:24:47,355 - INFO - 当前页面 URL: https://www.douyin.com/search/%E8%B7%AF%E8%A7%85%E4%BD%9C%E4%B8%9A%E8%BE%85%E5%AF%BC?type=general
2025-12-13 12:24:57,364 - INFO - XPath 找到 0 个包含 /video/ 的链接
2025-12-13 12:24:57,364 - INFO - 找到 0 个视频链接
2025-12-13 12:24:57,364 - WARNING - 未找到任何视频，跳过关键词: 路觅作业辅导
2025-12-13 12:24:57,364 - INFO - 搜索关键词: 路觅论文
2025-12-13 12:25:08,866 - INFO - 当前页面 URL: https://www.douyin.com/search/%E8%B7%AF%E8%A7%85%E8%AE%BA%E6%96%87?type=general
2025-12-13 12:25:18,871 - INFO - XPath 找到 0 个包含 /video/ 的链接
2025-12-13 12:25:18,871 - INFO - 找到 0 个视频链接
2025-12-13 12:25:18,871 - WARNING - 未找到任何视频，跳过关键词: 路觅论文
2025-12-13 12:25:18,871 - INFO - 搜索关键词: 路觅课程
2025-12-13 12:25:29,836 - INFO - 当前页面 URL: https://www.douyin.com/search/%E8%B7%AF%E8%A7%85%E8%AF%BE%E7%A8%8B?type=general
2025-12-13 12:25:39,840 - INFO - XPath 找到 0 个包含 /video/ 的链接
2025-12-13 12:25:39,841 - INFO - 找到 0 个视频链接
2025-12-13 12:25:39,841 - WARNING - 未找到任何视频，跳过关键词: 路觅课程
2025-12-13 12:25:39,841 - INFO - 搜索关键词: 路觅 挂科
2025-12-13 12:25:49,977 - INFO - 当前页面 URL: https://www.douyin.com/search/%E8%B7%AF%E8%A7%85%20%E6%8C%82%E7%A7%91?type=general
2025-12-13 12:25:59,991 - INFO - XPath 找到 0 个包含 /video/ 的链接
2025-12-13 12:25:59,992 - INFO - 找到 0 个视频链接
2025-12-13 12:25:59,992 - WARNING - 未找到任何视频，跳过关键词: 路觅 挂科
2025-12-13 12:25:59,992 - INFO - 搜索关键词: 路觅 GPA
2025-12-13 12:26:11,308 - INFO - 当前页面 URL: https://www.douyin.com/search/%E8%B7%AF%E8%A7%85%20GPA?type=general
2025-12-13 12:26:21,318 - INFO - XPath 找到 0 个包含 /video/ 的链接
2025-12-13 12:26:21,318 - INFO - 找到 0 个视频链接
2025-12-13 12:26:21,318 - WARNING - 未找到任何视频，跳过关键词: 路觅 GPA
2025-12-13 12:26:22,361 - INFO - 品牌: 考而思，使用 6 个组合关键词搜索
2025-12-13 12:26:22,361 - INFO - 搜索关键词: 考而思留学
2025-12-13 12:26:33,206 - INFO - 当前页面 URL: https://www.douyin.com/search/%E8%80%83%E8%80%8C%E6%80%9D%E7%95%99%E5%AD%A6?type=general
2025-12-13 12:26:43,221 - INFO - XPath 找到 0 个包含 /video/ 的链接
2025-12-13 12:26:43,222 - INFO - 找到 0 个视频链接
2025-12-13 12:26:43,222 - WARNING - 未找到任何视频，跳过关键词: 考而思留学
2025-12-13 12:26:43,223 - INFO - 搜索关键词: 考而思辅导
2025-12-13 12:26:55,942 - INFO - 当前页面 URL: https://www.douyin.com/search/%E8%80%83%E8%80%8C%E6%80%9D%E8%BE%85%E5%AF%BC?type=general
2025-12-13 12:27:05,965 - INFO - XPath 找到 0 个包含 /video/ 的链接
2025-12-13 12:27:05,965 - INFO - 找到 0 个视频链接
2025-12-13 12:27:05,965 - WARNING - 未找到任何视频，跳过关键词: 考而思辅导
2025-12-13 12:27:05,965 - INFO - 搜索关键词: 考而思网课
2025-12-13 12:27:17,667 - INFO - 当前页面 URL: https://www.douyin.com/search/%E8%80%83%E8%80%8C%E6%80%9D%E7%BD%91%E8%AF%BE?type=general
2025-12-13 12:27:27,689 - INFO - XPath 找到 0 个包含 /video/ 的链接
2025-12-13 12:27:27,690 - INFO - 找到 0 个视频链接
2025-12-13 12:27:27,690 - WARNING - 未找到任何视频，跳过关键词: 考而思网课
2025-12-13 12:27:27,690 - INFO - 搜索关键词: 考而思怎么样
2025-12-13 12:27:40,348 - INFO - 当前页面 URL: https://www.douyin.com/search/%E8%80%83%E8%80%8C%E6%80%9D%E6%80%8E%E4%B9%88%E6%A0%B7?type=general
2025-12-13 12:27:50,357 - INFO - XPath 找到 0 个包含 /video/ 的链接
2025-12-13 12:27:50,359 - INFO - 找到 0 个视频链接
2025-12-13 12:27:50,359 - WARNING - 未找到任何视频，跳过关键词: 考而思怎么样
2025-12-13 12:27:50,359 - INFO - 搜索关键词: 考而思课程
2025-12-13 12:28:02,439 - INFO - 当前页面 URL: https://www.douyin.com/search/%E8%80%83%E8%80%8C%E6%80%9D%E8%AF%BE%E7%A8%8B?type=general
2025-12-13 12:28:12,442 - INFO - XPath 找到 0 个包含 /video/ 的链接
2025-12-13 12:28:12,443 - INFO - 找到 0 个视频链接
2025-12-13 12:28:12,443 - WARNING - 未找到任何视频，跳过关键词: 考而思课程
2025-12-13 12:28:12,443 - INFO - 搜索关键词: 考而思 退费
2025-12-13 12:28:24,368 - INFO - 当前页面 URL: https://www.douyin.com/search/%E8%80%83%E8%80%8C%E6%80%9D%20%E9%80%80%E8%B4%B9?type=general
2025-12-13 12:28:34,380 - INFO - XPath 找到 0 个包含 /video/ 的链接
2025-12-13 12:28:34,381 - INFO - 找到 0 个视频链接
2025-12-13 12:28:34,381 - WARNING - 未找到任何视频，跳过关键词: 考而思 退费
2025-12-13 12:28:35,773 - INFO - 品牌: 辅无忧，使用 5 个组合关键词搜索
2025-12-13 12:28:35,773 - INFO - 搜索关键词: 辅无忧留学
2025-12-13 12:28:47,192 - INFO - 当前页面 URL: https://www.douyin.com/search/%E8%BE%85%E6%97%A0%E5%BF%A7%E7%95%99%E5%AD%A6?type=general
2025-12-13 12:28:57,201 - INFO - XPath 找到 0 个包含 /video/ 的链接
2025-12-13 12:28:57,201 - INFO - 找到 0 个视频链接
2025-12-13 12:28:57,201 - WARNING - 未找到任何视频，跳过关键词: 辅无忧留学
2025-12-13 12:28:57,201 - INFO - 搜索关键词: 辅无忧辅导
2025-12-13 12:29:08,092 - INFO - 当前页面 URL: https://www.douyin.com/search/%E8%BE%85%E6%97%A0%E5%BF%A7%E8%BE%85%E5%AF%BC?type=general
2025-12-13 12:29:18,099 - INFO - XPath 找到 0 个包含 /video/ 的链接
2025-12-13 12:29:18,099 - INFO - 找到 0 个视频链接
2025-12-13 12:29:18,099 - WARNING - 未找到任何视频，跳过关键词: 辅无忧辅导
2025-12-13 12:29:18,099 - INFO - 搜索关键词: 辅无忧网课
2025-12-13 12:29:30,365 - INFO - 当前页面 URL: https://www.douyin.com/search/%E8%BE%85%E6%97%A0%E5%BF%A7%E7%BD%91%E8%AF%BE?type=general
2025-12-13 12:29:40,367 - INFO - XPath 找到 0 个包含 /video/ 的链接
2025-12-13 12:29:40,367 - INFO - 找到 0 个视频链接
2025-12-13 12:29:40,367 - WARNING - 未找到任何视频，跳过关键词: 辅无忧网课
2025-12-13 12:29:40,367 - INFO - 搜索关键词: 辅无忧怎么样
2025-12-13 12:29:50,776 - INFO - 当前页面 URL: https://www.douyin.com/search/%E8%BE%85%E6%97%A0%E5%BF%A7%E6%80%8E%E4%B9%88%E6%A0%B7?type=general
2025-12-13 12:30:00,782 - INFO - XPath 找到 0 个包含 /video/ 的链接
2025-12-13 12:30:00,783 - INFO - 找到 0 个视频链接
2025-12-13 12:30:00,784 - WARNING - 未找到任何视频，跳过关键词: 辅无忧怎么样
2025-12-13 12:30:00,784 - INFO - 搜索关键词: 辅无忧论文
2025-12-13 12:30:12,031 - INFO - 当前页面 URL: https://www.douyin.com/search/%E8%BE%85%E6%97%A0%E5%BF%A7%E8%AE%BA%E6%96%87?type=general
2025-12-13 12:30:22,036 - INFO - XPath 找到 0 个包含 /video/ 的链接
2025-12-13 12:30:22,037 - INFO - 找到 0 个视频链接
2025-12-13 12:30:22,037 - WARNING - 未找到任何视频，跳过关键词: 辅无忧论文
2025-12-13 12:30:23,969 - INFO - 品牌: 万能班长，使用 4 个组合关键词搜索
2025-12-13 12:30:23,969 - INFO - 搜索关键词: 万能班长留学
2025-12-13 12:30:33,967 - INFO - 当前页面 URL: https://www.douyin.com/search/%E4%B8%87%E8%83%BD%E7%8F%AD%E9%95%BF%E7%95%99%E5%AD%A6?type=general
2025-12-13 12:30:43,969 - INFO - XPath 找到 0 个包含 /video/ 的链接
2025-12-13 12:30:43,969 - INFO - 找到 0 个视频链接
2025-12-13 12:30:43,970 - WARNING - 未找到任何视频，跳过关键词: 万能班长留学
2025-12-13 12:30:43,970 - INFO - 搜索关键词: 万能班长辅导
2025-12-13 12:30:54,766 - INFO - 当前页面 URL: https://www.douyin.com/search/%E4%B8%87%E8%83%BD%E7%8F%AD%E9%95%BF%E8%BE%85%E5%AF%BC?type=general
2025-12-13 12:31:04,771 - INFO - XPath 找到 0 个包含 /video/ 的链接
2025-12-13 12:31:04,771 - INFO - 找到 0 个视频链接
2025-12-13 12:31:04,771 - WARNING - 未找到任何视频，跳过关键词: 万能班长辅导
2025-12-13 12:31:04,771 - INFO - 搜索关键词: 万能班长网课
2025-12-13 12:31:16,840 - INFO - 当前页面 URL: https://www.douyin.com/search/%E4%B8%87%E8%83%BD%E7%8F%AD%E9%95%BF%E7%BD%91%E8%AF%BE?type=general
2025-12-13 12:31:26,845 - INFO - XPath 找到 0 个包含 /video/ 的链接
2025-12-13 12:31:26,845 - INFO - 找到 0 个视频链接
2025-12-13 12:31:26,845 - WARNING - 未找到任何视频，跳过关键词: 万能班长网课
2025-12-13 12:31:26,845 - INFO - 搜索关键词: 万能班长怎么样
2025-12-13 12:31:38,158 - INFO - 当前页面 URL: https://www.douyin.com/search/%E4%B8%87%E8%83%BD%E7%8F%AD%E9%95%BF%E6%80%8E%E4%B9%88%E6%A0%B7?type=general
2025-12-13 12:31:48,159 - INFO - XPath 找到 0 个包含 /video/ 的链接
2025-12-13 12:31:48,160 - INFO - 找到 0 个视频链接
2025-12-13 12:31:48,160 - WARNING - 未找到任何视频，跳过关键词: 万能班长怎么样
2025-12-13 12:31:49,576 - INFO - 品牌: 红领巾，使用 4 个组合关键词搜索
2025-12-13 12:31:49,576 - INFO - 搜索关键词: 红领巾留学
2025-12-13 12:32:02,193 - INFO - 当前页面 URL: https://www.douyin.com/search/%E7%BA%A2%E9%A2%86%E5%B7%BE%E7%95%99%E5%AD%A6?type=general
2025-12-13 12:32:12,236 - INFO - XPath 找到 0 个包含 /video/ 的链接
2025-12-13 12:32:12,237 - INFO - 找到 0 个视频链接
2025-12-13 12:32:12,237 - WARNING - 未找到任何视频，跳过关键词: 红领巾留学
2025-12-13 12:32:12,237 - INFO - 搜索关键词: 红领巾辅导
2025-12-13 12:32:23,934 - INFO - 当前页面 URL: https://www.douyin.com/search/%E7%BA%A2%E9%A2%86%E5%B7%BE%E8%BE%85%E5%AF%BC?type=general
2025-12-13 12:32:33,950 - INFO - XPath 找到 0 个包含 /video/ 的链接
2025-12-13 12:32:33,951 - INFO - 找到 0 个视频链接
2025-12-13 12:32:33,951 - WARNING - 未找到任何视频，跳过关键词: 红领巾辅导
2025-12-13 12:32:33,952 - INFO - 搜索关键词: 红领巾网课
2025-12-13 12:32:45,004 - INFO - 当前页面 URL: https://www.douyin.com/search/%E7%BA%A2%E9%A2%86%E5%B7%BE%E7%BD%91%E8%AF%BE?type=general
2025-12-13 12:32:55,008 - INFO - XPath 找到 0 个包含 /video/ 的链接
2025-12-13 12:32:55,008 - INFO - 找到 0 个视频链接
2025-12-13 12:32:55,008 - WARNING - 未找到任何视频，跳过关键词: 红领巾网课
2025-12-13 12:32:55,008 - INFO - 搜索关键词: 红领巾怎么样
2025-12-13 12:33:05,567 - INFO - 当前页面 URL: https://www.douyin.com/search/%E8%B7%AF%E8%A7%85%E7%95%99%E5%AD%A6
2025-12-13 12:33:15,585 - INFO - XPath 找到 0 个包含 /video/ 的链接
2025-12-13 12:33:15,585 - INFO - 找到 0 个视频链接
2025-12-13 12:33:15,585 - WARNING - 未找到任何视频，跳过关键词: 红领巾怎么样
2025-12-13 12:33:16,823 - INFO - 品牌: 海马课堂，使用 6 个组合关键词搜索
2025-12-13 12:33:16,824 - INFO - 搜索关键词: 海马课堂
2025-12-13 12:33:28,923 - INFO - 当前页面 URL: https://www.douyin.com/search/%E6%B5%B7%E9%A9%AC%E8%AF%BE%E5%A0%82?type=general
2025-12-13 12:33:38,924 - INFO - XPath 找到 0 个包含 /video/ 的链接
2025-12-13 12:33:38,925 - INFO - 找到 0 个视频链接
2025-12-13 12:33:38,925 - WARNING - 未找到任何视频，跳过关键词: 海马课堂
2025-12-13 12:33:38,925 - INFO - 搜索关键词: 海马课堂怎么样
2025-12-13 12:33:50,830 - INFO - 当前页面 URL: https://www.douyin.com/search/%E6%B5%B7%E9%A9%AC%E8%AF%BE%E5%A0%82%E6%80%8E%E4%B9%88%E6%A0%B7?type=general
2025-12-13 12:34:00,837 - INFO - XPath 找到 0 个包含 /video/ 的链接
2025-12-13 12:34:00,838 - INFO - 找到 0 个视频链接
2025-12-13 12:34:00,839 - WARNING - 未找到任何视频，跳过关键词: 海马课堂怎么样
2025-12-13 12:34:00,839 - INFO - 搜索关键词: 海马课堂辅导
2025-12-13 12:34:12,215 - INFO - 当前页面 URL: https://www.douyin.com/search/%E6%B5%B7%E9%A9%AC%E8%AF%BE%E5%A0%82%E8%BE%85%E5%AF%BC?type=general
2025-12-13 12:34:22,218 - INFO - XPath 找到 0 个包含 /video/ 的链接
2025-12-13 12:34:22,219 - INFO - 找到 0 个视频链接
2025-12-13 12:34:22,219 - WARNING - 未找到任何视频，跳过关键词: 海马课堂辅导
2025-12-13 12:34:22,219 - INFO - 搜索关键词: 海马课堂论文
2025-12-13 12:34:34,080 - INFO - 当前页面 URL: https://www.douyin.com/search/%E8%B7%AF%E8%A7%85%E4%BD%9C%E4%B8%9A%E8%BE%85%E5%AF%BC?type=general
2025-12-13 12:34:44,091 - INFO - XPath 找到 0 个包含 /video/ 的链接
2025-12-13 12:34:44,091 - INFO - 找到 0 个视频链接
2025-12-13 12:34:44,091 - WARNING - 未找到任何视频，跳过关键词: 海马课堂论文
2025-12-13 12:34:44,091 - INFO - 搜索关键词: 海马课堂 退费
2025-12-13 12:34:54,857 - INFO - 当前页面 URL: https://www.douyin.com/search/%E8%B7%AF%E8%A7%85%E8%AE%BA%E6%96%87
2025-12-13 12:35:04,875 - INFO - XPath 找到 0 个包含 /video/ 的链接
2025-12-13 12:35:04,879 - INFO - 找到 0 个视频链接
2025-12-13 12:35:04,879 - WARNING - 未找到任何视频，跳过关键词: 海马课堂 退费
2025-12-13 12:35:04,879 - INFO - 搜索关键词: 海马课堂 避雷
2025-12-13 12:35:15,281 - INFO - 当前页面 URL: https://www.douyin.com/search/%E6%B5%B7%E9%A9%AC%E8%AF%BE%E5%A0%82%20%E9%81%BF%E9%9B%B7?type=general
2025-12-13 12:35:25,283 - INFO - XPath 找到 0 个包含 /video/ 的链接
2025-12-13 12:35:25,284 - INFO - 找到 0 个视频链接
2025-12-13 12:35:25,284 - WARNING - 未找到任何视频，跳过关键词: 海马课堂 避雷
2025-12-13 12:35:27,103 - INFO - 抖音采集完成，共找到 0 条有效数据
2025-12-13 12:35:27,103 - INFO - ================================================================================
2025-12-13 12:35:27,103 - INFO - 第二阶段：小红书采集（列表页抓取模式）
2025-12-13 12:35:27,103 - INFO - ================================================================================
2025-12-13 12:35:27,104 - INFO - 品牌: 路觅，使用 8 个组合关键词搜索
2025-12-13 12:35:27,104 - INFO - 搜索关键词: 路觅留学
2025-12-13 12:35:28,374 - INFO - 当前页面 URL: https://www.xiaohongshu.com/search_result?keyword=%E8%B7%AF%E8%A7%85%E7%95%99%E5%AD%A6&source=web_search_result_notes&type=51
2025-12-13 12:35:37,507 - INFO -   ✗ 过滤: 未通过基础教育过滤 - 无标题...
2025-12-13 12:35:39,540 - INFO -   ✗ 过滤: 未通过基础教育过滤 - 无标题...
2025-12-13 12:35:41,585 - INFO -   ✗ 过滤: 未通过基础教育过滤 - 无标题...
2025-12-13 12:35:47,224 - WARNING - 列表页未获取到数据，启用 Bing 备用方案...
2025-12-13 12:35:47,224 - INFO - [Bing备用] 搜索关键词: 路觅留学
2025-12-13 12:35:49,137 - INFO - [Bing备用] 共找到 0 条结果
2025-12-13 12:35:51,979 - INFO - 搜索关键词: 路觅辅导
2025-12-13 12:35:53,622 - INFO - 当前页面 URL: https://www.xiaohongshu.com/search_result?keyword=%E8%B7%AF%E8%A7%85%E8%BE%85%E5%AF%BC&source=web_search_result_notes&type=51
2025-12-13 12:36:04,855 - INFO -   ✗ 过滤: 未通过基础教育过滤 - 无标题...
2025-12-13 12:36:06,876 - INFO -   ✗ 过滤: 未通过基础教育过滤 - 无标题...
2025-12-13 12:36:08,909 - INFO -   ✗ 过滤: 未通过基础教育过滤 - 无标题...
2025-12-13 12:36:10,929 - INFO -   ✗ 过滤: 未通过基础教育过滤 - 无标题...
2025-12-13 12:36:13,655 - WARNING - 列表页未获取到数据，启用 Bing 备用方案...
2025-12-13 12:36:13,655 - INFO - [Bing备用] 搜索关键词: 路觅辅导
2025-12-13 12:36:15,645 - INFO - [Bing备用] 共找到 0 条结果
2025-12-13 12:36:17,688 - INFO - 搜索关键词: 路觅网课
2025-12-13 12:36:19,067 - INFO - 当前页面 URL: https://www.xiaohongshu.com/search_result?keyword=%E8%B7%AF%E8%A7%85%E7%BD%91%E8%AF%BE&source=web_search_result_notes&type=51
2025-12-13 12:36:30,243 - INFO -   ✗ 过滤: 未通过基础教育过滤 - 无标题...
2025-12-13 12:36:32,270 - INFO -   ✗ 过滤: 未通过基础教育过滤 - 无标题...
2025-12-13 12:36:34,295 - INFO -   ✗ 过滤: 未通过基础教育过滤 - 无标题...
2025-12-13 12:36:36,318 - INFO -   ✗ 过滤: 未通过基础教育过滤 - 无标题...
2025-12-13 12:36:38,342 - INFO -   ✗ 过滤: 未通过基础教育过滤 - 无标题...
2025-12-13 12:36:41,893 - WARNING - 列表页未获取到数据，启用 Bing 备用方案...
2025-12-13 12:36:41,895 - INFO - [Bing备用] 搜索关键词: 路觅网课
2025-12-13 12:36:43,763 - INFO - [Bing备用] 共找到 0 条结果
2025-12-13 12:36:46,109 - INFO - 搜索关键词: 路觅作业辅导
2025-12-13 12:36:47,704 - INFO - 当前页面 URL: https://www.xiaohongshu.com/search_result?keyword=%E8%B7%AF%E8%A7%85%E4%BD%9C%E4%B8%9A%E8%BE%85%E5%AF%BC&source=web_search_result_notes&type=51
2025-12-13 12:37:01,048 - INFO -   ✗ 过滤: 未通过基础教育过滤 - 无标题...
2025-12-13 12:37:03,143 - INFO -   ✗ 过滤: 未通过基础教育过滤 - 无标题...
2025-12-13 12:37:05,180 - INFO -   ✗ 过滤: 未通过基础教育过滤 - 无标题...
2025-12-13 12:37:07,214 - INFO -   ✗ 过滤: 未通过基础教育过滤 - 无标题...
2025-12-13 12:37:12,280 - WARNING - 列表页未获取到数据，启用 Bing 备用方案...
2025-12-13 12:37:12,281 - INFO - [Bing备用] 搜索关键词: 路觅作业辅导
2025-12-13 12:37:14,135 - INFO - [Bing备用] 共找到 0 条结果
2025-12-13 12:37:16,390 - INFO - 搜索关键词: 路觅论文
2025-12-13 12:37:18,843 - INFO - 当前页面 URL: https://www.xiaohongshu.com/search_result?keyword=%E8%B7%AF%E8%A7%85%E8%AE%BA%E6%96%87&source=web_search_result_notes&type=51
2025-12-13 12:37:30,312 - INFO -   ✗ 过滤: 未通过基础教育过滤 - 无标题...
2025-12-13 12:37:32,349 - INFO -   ✗ 过滤: 未通过基础教育过滤 - 无标题...
2025-12-13 12:37:34,373 - INFO -   ✗ 过滤: 未通过基础教育过滤 - 无标题...
2025-12-13 12:37:36,408 - INFO -   ✗ 过滤: 未通过基础教育过滤 - 无标题...
2025-12-13 12:37:38,901 - WARNING - 列表页未获取到数据，启用 Bing 备用方案...
2025-12-13 12:37:38,901 - INFO - [Bing备用] 搜索关键词: 路觅论文
2025-12-13 12:37:40,738 - INFO - [Bing备用] 共找到 0 条结果
2025-12-13 12:37:42,833 - INFO - 搜索关键词: 路觅课程
2025-12-13 12:37:44,256 - INFO - 当前页面 URL: https://www.xiaohongshu.com/search_result?keyword=%E8%B7%AF%E8%A7%85%E8%AF%BE%E7%A8%8B&source=web_search_result_notes&type=51
2025-12-13 12:37:55,514 - INFO -   ✗ 过滤: 未通过基础教育过滤 - 无标题...
2025-12-13 12:37:57,535 - INFO -   ✗ 过滤: 未通过基础教育过滤 - 无标题...
2025-12-13 12:37:59,558 - INFO -   ✗ 过滤: 未通过基础教育过滤 - 无标题...
2025-12-13 12:38:01,581 - INFO -   ✗ 过滤: 未通过基础教育过滤 - 无标题...
2025-12-13 12:38:04,081 - WARNING - 列表页未获取到数据，启用 Bing 备用方案...
2025-12-13 12:38:04,081 - INFO - [Bing备用] 搜索关键词: 路觅课程
2025-12-13 12:38:06,168 - INFO - [Bing备用] 共找到 0 条结果
2025-12-13 12:38:08,305 - INFO - 搜索关键词: 路觅 挂科
2025-12-13 12:38:09,652 - INFO - 当前页面 URL: https://www.xiaohongshu.com/search_result?keyword=%E8%B7%AF%E8%A7%85+%E6%8C%82%E7%A7%91&source=web_search_result_notes&type=51
2025-12-13 12:38:22,781 - INFO -   ✗ 过滤: 未通过基础教育过滤 - 无标题...
2025-12-13 12:38:24,805 - INFO -   ✗ 过滤: 未通过基础教育过滤 - 无标题...
2025-12-13 12:38:26,836 - INFO -   ✗ 过滤: 未通过基础教育过滤 - 无标题...
2025-12-13 12:38:28,857 - INFO -   ✗ 过滤: 未通过基础教育过滤 - 无标题...
2025-12-13 12:38:30,883 - INFO -   ✗ 过滤: 未通过基础教育过滤 - 无标题...
2025-12-13 12:38:32,902 - INFO -   ✗ 过滤: 未通过基础教育过滤 - 无标题...
2025-12-13 12:38:36,071 - WARNING - 列表页未获取到数据，启用 Bing 备用方案...
2025-12-13 12:38:36,071 - INFO - [Bing备用] 搜索关键词: 路觅 挂科
2025-12-13 12:38:38,158 - INFO - [Bing备用] 共找到 0 条结果
2025-12-13 12:38:41,129 - INFO - 搜索关键词: 路觅 GPA
2025-12-13 12:38:42,840 - INFO - 当前页面 URL: https://www.xiaohongshu.com/search_result?keyword=%E8%B7%AF%E8%A7%85+GPA&source=web_search_result_notes&type=51
2025-12-13 12:38:55,960 - INFO -   ✗ 过滤: 未通过基础教育过滤 - 无标题...
2025-12-13 12:38:57,986 - INFO -   ✗ 过滤: 未通过基础教育过滤 - 无标题...
2025-12-13 12:39:00,004 - INFO -   ✗ 过滤: 未通过基础教育过滤 - 无标题...
2025-12-13 12:39:03,047 - WARNING - 列表页未获取到数据，启用 Bing 备用方案...
2025-12-13 12:39:03,047 - INFO - [Bing备用] 搜索关键词: 路觅 GPA
2025-12-13 12:39:04,894 - INFO - [Bing备用] 共找到 0 条结果
2025-12-13 12:39:09,265 - INFO - 品牌: 考而思，使用 6 个组合关键词搜索
2025-12-13 12:39:09,265 - INFO - 搜索关键词: 考而思留学
2025-12-13 12:39:10,646 - INFO - 当前页面 URL: https://www.xiaohongshu.com/search_result?keyword=%E8%80%83%E8%80%8C%E6%80%9D%E7%95%99%E5%AD%A6&source=web_search_result_notes&type=51
2025-12-13 12:39:21,886 - INFO -   ✗ 过滤: 未通过基础教育过滤 - 无标题...
2025-12-13 12:39:23,914 - INFO -   ✗ 过滤: 未通过基础教育过滤 - 无标题...
2025-12-13 12:39:25,936 - INFO -   ✗ 过滤: 未通过基础教育过滤 - 无标题...
2025-12-13 12:39:27,999 - INFO -   ✗ 过滤: 未通过基础教育过滤 - 无标题...
2025-12-13 12:39:30,439 - WARNING - 列表页未获取到数据，启用 Bing 备用方案...
2025-12-13 12:39:30,440 - INFO - [Bing备用] 搜索关键词: 考而思留学
2025-12-13 12:39:32,352 - INFO - [Bing备用] 共找到 0 条结果
2025-12-13 12:39:35,241 - INFO - 搜索关键词: 考而思辅导
2025-12-13 12:39:37,013 - INFO - 当前页面 URL: https://www.xiaohongshu.com/search_result?keyword=%E8%80%83%E8%80%8C%E6%80%9D%E8%BE%85%E5%AF%BC&source=web_search_result_notes&type=51
2025-12-13 12:39:46,184 - INFO -   ✗ 过滤: 未通过基础教育过滤 - 无标题...
2025-12-13 12:39:48,214 - INFO -   ✗ 过滤: 未通过基础教育过滤 - 无标题...
2025-12-13 12:39:50,263 - INFO -   ✗ 过滤: 未通过基础教育过滤 - 无标题...
2025-12-13 12:39:52,470 - INFO -   ✗ 过滤: 未通过基础教育过滤 - 无标题...
2025-12-13 12:39:54,495 - INFO -   ✗ 过滤: 未通过基础教育过滤 - 无标题...
2025-12-13 12:39:58,486 - WARNING - 列表页未获取到数据，启用 Bing 备用方案...
2025-12-13 12:39:58,488 - INFO - [Bing备用] 搜索关键词: 考而思辅导
2025-12-13 12:40:00,794 - INFO - [Bing备用] 共找到 0 条结果
2025-12-13 12:40:03,468 - INFO - 搜索关键词: 考而思网课
2025-12-13 12:40:05,479 - INFO - 当前页面 URL: https://www.xiaohongshu.com/search_result?keyword=%E8%80%83%E8%80%8C%E6%80%9D%E7%BD%91%E8%AF%BE&source=web_search_result_notes&type=51
2025-12-13 12:40:14,727 - INFO -   ✗ 过滤: 未通过基础教育过滤 - 无标题...
2025-12-13 12:40:16,763 - INFO -   ✗ 过滤: 未通过基础教育过滤 - 无标题...
2025-12-13 12:40:18,802 - INFO -   ✗ 过滤: 未通过基础教育过滤 - 无标题...
2025-12-13 12:40:20,856 - INFO -   ✗ 过滤: 未通过基础教育过滤 - 无标题...
[抖音深潜] 搜索关键词: 路觅留学
[抖音深潜] 当前页面 URL: https://www.douyin.com/search/%E8%B7%AF%E8%A7%85%E7%95%99%E5%AD%A6?type=general
[抖音深潜] 使用 XPath 查找视频链接...
[抖音深潜] XPath 找到 0 个链接
[抖音深潜] 最终找到 0 个视频链接
[抖音深潜] 未找到任何视频，跳过关键词: 路觅留学
[抖音深潜] 搜索关键词: 路觅辅导
[抖音深潜] 当前页面 URL: https://www.douyin.com/search/%E8%B7%AF%E8%A7%85%E8%BE%85%E5%AF%BC?type=general
[抖音深潜] 使用 XPath 查找视频链接...
[抖音深潜] XPath 找到 0 个链接
[抖音深潜] 最终找到 0 个视频链接
[抖音深潜] 未找到任何视频，跳过关键词: 路觅辅导
[抖音深潜] 搜索关键词: 路觅网课
[抖音深潜] 当前页面 URL: https://www.douyin.com/search/%E8%B7%AF%E8%A7%85%E7%BD%91%E8%AF%BE?type=general
[抖音深潜] 使用 XPath 查找视频链接...
[抖音深潜] XPath 找到 0 个链接
[抖音深潜] 最终找到 0 个视频链接
[抖音深潜] 未找到任何视频，跳过关键词: 路觅网课
[抖音深潜] 搜索关键词: 路觅作业辅导
[抖音深潜] 当前页面 URL: https://www.douyin.com/search/%E8%B7%AF%E8%A7%85%E4%BD%9C%E4%B8%9A%E8%BE%85%E5%AF%BC?type=general
[抖音深潜] 使用 XPath 查找视频链接...
[抖音深潜] XPath 找到 0 个链接
[抖音深潜] 最终找到 0 个视频链接
[抖音深潜] 未找到任何视频，跳过关键词: 路觅作业辅导
[抖音深潜] 搜索关键词: 路觅论文
[抖音深潜] 当前页面 URL: https://www.douyin.com/search/%E8%B7%AF%E8%A7%85%E8%AE%BA%E6%96%87?type=general
[抖音深潜] 使用 XPath 查找视频链接...
[抖音深潜] XPath 找到 0 个链接
[抖音深潜] 最终找到 0 个视频链接
[抖音深潜] 未找到任何视频，跳过关键词: 路觅论文
[抖音深潜] 搜索关键词: 路觅课程
[抖音深潜] 当前页面 URL: https://www.douyin.com/search/%E8%B7%AF%E8%A7%85%E8%AF%BE%E7%A8%8B?type=general
[抖音深潜] 使用 XPath 查找视频链接...
[抖音深潜] XPath 找到 0 个链接
[抖音深潜] 最终找到 0 个视频链接
[抖音深潜] 未找到任何视频，跳过关键词: 路觅课程
[抖音深潜] 搜索关键词: 路觅 挂科
[抖音深潜] 当前页面 URL: https://www.douyin.com/search/%E8%B7%AF%E8%A7%85%20%E6%8C%82%E7%A7%91?type=general
[抖音深潜] 使用 XPath 查找视频链接...
[抖音深潜] XPath 找到 0 个链接
[抖音深潜] 最终找到 0 个视频链接
[抖音深潜] 未找到任何视频，跳过关键词: 路觅 挂科
[抖音深潜] 搜索关键词: 路觅 GPA
[抖音深潜] 当前页面 URL: https://www.douyin.com/search/%E8%B7%AF%E8%A7%85%20GPA?type=general
[抖音深潜] 使用 XPath 查找视频链接...
[抖音深潜] XPath 找到 0 个链接
[抖音深潜] 最终找到 0 个视频链接
[抖音深潜] 未找到任何视频，跳过关键词: 路觅 GPA
[抖音深潜] 搜索关键词: 考而思留学
[抖音深潜] 当前页面 URL: https://www.douyin.com/search/%E8%80%83%E8%80%8C%E6%80%9D%E7%95%99%E5%AD%A6?type=general
[抖音深潜] 使用 XPath 查找视频链接...
[抖音深潜] XPath 找到 0 个链接
[抖音深潜] 最终找到 0 个视频链接
[抖音深潜] 未找到任何视频，跳过关键词: 考而思留学
[抖音深潜] 搜索关键词: 考而思辅导
[抖音深潜] 当前页面 URL: https://www.douyin.com/search/%E8%80%83%E8%80%8C%E6%80%9D%E8%BE%85%E5%AF%BC?type=general
[抖音深潜] 使用 XPath 查找视频链接...
[抖音深潜] XPath 找到 0 个链接
[抖音深潜] 最终找到 0 个视频链接
[抖音深潜] 未找到任何视频，跳过关键词: 考而思辅导
[抖音深潜] 搜索关键词: 考而思网课
[抖音深潜] 当前页面 URL: https://www.douyin.com/search/%E8%80%83%E8%80%8C%E6%80%9D%E7%BD%91%E8%AF%BE?type=general
[抖音深潜] 使用 XPath 查找视频链接...
[抖音深潜] XPath 找到 0 个链接
[抖音深潜] 最终找到 0 个视频链接
[抖音深潜] 未找到任何视频，跳过关键词: 考而思网课
[抖音深潜] 搜索关键词: 考而思怎么样
[抖音深潜] 当前页面 URL: https://www.douyin.com/search/%E8%80%83%E8%80%8C%E6%80%9D%E6%80%8E%E4%B9%88%E6%A0%B7?type=general
[抖音深潜] 使用 XPath 查找视频链接...
[抖音深潜] XPath 找到 0 个链接
[抖音深潜] 最终找到 0 个视频链接
[抖音深潜] 未找到任何视频，跳过关键词: 考而思怎么样
[抖音深潜] 搜索关键词: 考而思课程
[抖音深潜] 当前页面 URL: https://www.douyin.com/search/%E8%80%83%E8%80%8C%E6%80%9D%E8%AF%BE%E7%A8%8B?type=general
[抖音深潜] 使用 XPath 查找视频链接...
[抖音深潜] XPath 找到 0 个链接
[抖音深潜] 最终找到 0 个视频链接
[抖音深潜] 未找到任何视频，跳过关键词: 考而思课程
[抖音深潜] 搜索关键词: 考而思 退费
[抖音深潜] 当前页面 URL: https://www.douyin.com/search/%E8%80%83%E8%80%8C%E6%80%9D%20%E9%80%80%E8%B4%B9?type=general
[抖音深潜] 使用 XPath 查找视频链接...
[抖音深潜] XPath 找到 0 个链接
[抖音深潜] 最终找到 0 个视频链接
[抖音深潜] 未找到任何视频，跳过关键词: 考而思 退费
[抖音深潜] 搜索关键词: 辅无忧留学
[抖音深潜] 当前页面 URL: https://www.douyin.com/search/%E8%BE%85%E6%97%A0%E5%BF%A7%E7%95%99%E5%AD%A6?type=general
[抖音深潜] 使用 XPath 查找视频链接...
[抖音深潜] XPath 找到 0 个链接
[抖音深潜] 最终找到 0 个视频链接
[抖音深潜] 未找到任何视频，跳过关键词: 辅无忧留学
[抖音深潜] 搜索关键词: 辅无忧辅导
[抖音深潜] 当前页面 URL: https://www.douyin.com/search/%E8%BE%85%E6%97%A0%E5%BF%A7%E8%BE%85%E5%AF%BC?type=general
[抖音深潜] 使用 XPath 查找视频链接...
[抖音深潜] XPath 找到 0 个链接
[抖音深潜] 最终找到 0 个视频链接
[抖音深潜] 未找到任何视频，跳过关键词: 辅无忧辅导
[抖音深潜] 搜索关键词: 辅无忧网课
[抖音深潜] 当前页面 URL: https://www.douyin.com/search/%E8%BE%85%E6%97%A0%E5%BF%A7%E7%BD%91%E8%AF%BE?type=general
[抖音深潜] 使用 XPath 查找视频链接...
[抖音深潜] XPath 找到 0 个链接
[抖音深潜] 最终找到 0 个视频链接
[抖音深潜] 未找到任何视频，跳过关键词: 辅无忧网课
[抖音深潜] 搜索关键词: 辅无忧怎么样
[抖音深潜] 当前页面 URL: https://www.douyin.com/search/%E8%BE%85%E6%97%A0%E5%BF%A7%E6%80%8E%E4%B9%88%E6%A0%B7?type=general
[抖音深潜] 使用 XPath 查找视频链接...
[抖音深潜] XPath 找到 0 个链接
[抖音深潜] 最终找到 0 个视频链接
[抖音深潜] 未找到任何视频，跳过关键词: 辅无忧怎么样
[抖音深潜] 搜索关键词: 辅无忧论文
[抖音深潜] 当前页面 URL: https://www.douyin.com/search/%E8%BE%85%E6%97%A0%E5%BF%A7%E8%AE%BA%E6%96%87?type=general
[抖音深潜] 使用 XPath 查找视频链接...
[抖音深潜] XPath 找到 0 个链接
[抖音深潜] 最终找到 0 个视频链接
[抖音深潜] 未找到任何视频，跳过关键词: 辅无忧论文
[抖音深潜] 搜索关键词: 万能班长留学
[抖音深潜] 当前页面 URL: https://www.douyin.com/search/%E4%B8%87%E8%83%BD%E7%8F%AD%E9%95%BF%E7%95%99%E5%AD%A6?type=general
[抖音深潜] 使用 XPath 查找视频链接...
[抖音深潜] XPath 找到 0 个链接
[抖音深潜] 最终找到 0 个视频链接
[抖音深潜] 未找到任何视频，跳过关键词: 万能班长留学
[抖音深潜] 搜索关键词: 万能班长辅导
[抖音深潜] 当前页面 URL: https://www.douyin.com/search/%E4%B8%87%E8%83%BD%E7%8F%AD%E9%95%BF%E8%BE%85%E5%AF%BC?type=general
[抖音深潜] 使用 XPath 查找视频链接...
[抖音深潜] XPath 找到 0 个链接
[抖音深潜] 最终找到 0 个视频链接
[抖音深潜] 未找到任何视频，跳过关键词: 万能班长辅导
[抖音深潜] 搜索关键词: 万能班长网课
[抖音深潜] 当前页面 URL: https://www.douyin.com/search/%E4%B8%87%E8%83%BD%E7%8F%AD%E9%95%BF%E7%BD%91%E8%AF%BE?type=general
[抖音深潜] 使用 XPath 查找视频链接...
[抖音深潜] XPath 找到 0 个链接
[抖音深潜] 最终找到 0 个视频链接
[抖音深潜] 未找到任何视频，跳过关键词: 万能班长网课
[抖音深潜] 搜索关键词: 万能班长怎么样
[抖音深潜] 当前页面 URL: https://www.douyin.com/search/%E4%B8%87%E8%83%BD%E7%8F%AD%E9%95%BF%E6%80%8E%E4%B9%88%E6%A0%B7?type=general
[抖音深潜] 使用 XPath 查找视频链接...
[抖音深潜] XPath 找到 0 个链接
[抖音深潜] 最终找到 0 个视频链接
[抖音深潜] 未找到任何视频，跳过关键词: 万能班长怎么样
[抖音深潜] 搜索关键词: 红领巾留学
[抖音深潜] 当前页面 URL: https://www.douyin.com/search/%E7%BA%A2%E9%A2%86%E5%B7%BE%E7%95%99%E5%AD%A6?type=general
[抖音深潜] 使用 XPath 查找视频链接...
[抖音深潜] XPath 找到 0 个链接
[抖音深潜] 最终找到 0 个视频链接
[抖音深潜] 未找到任何视频，跳过关键词: 红领巾留学
[抖音深潜] 搜索关键词: 红领巾辅导
[抖音深潜] 当前页面 URL: https://www.douyin.com/search/%E7%BA%A2%E9%A2%86%E5%B7%BE%E8%BE%85%E5%AF%BC?type=general
[抖音深潜] 使用 XPath 查找视频链接...
[抖音深潜] XPath 找到 0 个链接
[抖音深潜] 最终找到 0 个视频链接
[抖音深潜] 未找到任何视频，跳过关键词: 红领巾辅导
[抖音深潜] 搜索关键词: 红领巾网课
[抖音深潜] 当前页面 URL: https://www.douyin.com/search/%E7%BA%A2%E9%A2%86%E5%B7%BE%E7%BD%91%E8%AF%BE?type=general
[抖音深潜] 使用 XPath 查找视频链接...
[抖音深潜] XPath 找到 0 个链接
[抖音深潜] 最终找到 0 个视频链接
[抖音深潜] 未找到任何视频，跳过关键词: 红领巾网课
[抖音深潜] 搜索关键词: 红领巾怎么样
[抖音深潜] 当前页面 URL: https://www.douyin.com/search/%E8%B7%AF%E8%A7%85%E7%95%99%E5%AD%A6
[抖音深潜] 使用 XPath 查找视频链接...
[抖音深潜] XPath 找到 0 个链接
[抖音深潜] 最终找到 0 个视频链接
[抖音深潜] 未找到任何视频，跳过关键词: 红领巾怎么样
[抖音深潜] 搜索关键词: 海马课堂
[抖音深潜] 当前页面 URL: https://www.douyin.com/search/%E6%B5%B7%E9%A9%AC%E8%AF%BE%E5%A0%82?type=general
[抖音深潜] 使用 XPath 查找视频链接...
[抖音深潜] XPath 找到 0 个链接
[抖音深潜] 最终找到 0 个视频链接
[抖音深潜] 未找到任何视频，跳过关键词: 海马课堂
[抖音深潜] 搜索关键词: 海马课堂怎么样
[抖音深潜] 当前页面 URL: https://www.douyin.com/search/%E6%B5%B7%E9%A9%AC%E8%AF%BE%E5%A0%82%E6%80%8E%E4%B9%88%E6%A0%B7?type=general
[抖音深潜] 使用 XPath 查找视频链接...
[抖音深潜] XPath 找到 0 个链接
[抖音深潜] 最终找到 0 个视频链接
[抖音深潜] 未找到任何视频，跳过关键词: 海马课堂怎么样
[抖音深潜] 搜索关键词: 海马课堂辅导
[抖音深潜] 当前页面 URL: https://www.douyin.com/search/%E6%B5%B7%E9%A9%AC%E8%AF%BE%E5%A0%82%E8%BE%85%E5%AF%BC?type=general
[抖音深潜] 使用 XPath 查找视频链接...
[抖音深潜] XPath 找到 0 个链接
[抖音深潜] 最终找到 0 个视频链接
[抖音深潜] 未找到任何视频，跳过关键词: 海马课堂辅导
[抖音深潜] 搜索关键词: 海马课堂论文
[抖音深潜] 当前页面 URL: https://www.douyin.com/search/%E8%B7%AF%E8%A7%85%E4%BD%9C%E4%B8%9A%E8%BE%85%E5%AF%BC?type=general
[抖音深潜] 使用 XPath 查找视频链接...
[抖音深潜] XPath 找到 0 个链接
[抖音深潜] 最终找到 0 个视频链接
[抖音深潜] 未找到任何视频，跳过关键词: 海马课堂论文
[抖音深潜] 搜索关键词: 海马课堂 退费
[抖音深潜] 当前页面 URL: https://www.douyin.com/search/%E8%B7%AF%E8%A7%85%E8%AE%BA%E6%96%87
[抖音深潜] 使用 XPath 查找视频链接...
[抖音深潜] XPath 找到 0 个链接
[抖音深潜] 最终找到 0 个视频链接
[抖音深潜] 未找到任何视频，跳过关键词: 海马课堂 退费
[抖音深潜] 搜索关键词: 海马课堂 避雷
[抖音深潜] 当前页面 URL: https://www.douyin.com/search/%E6%B5%B7%E9%A9%AC%E8%AF%BE%E5%A0%82%20%E9%81%BF%E9%9B%B7?type=general
[抖音深潜] 使用 XPath 查找视频链接...
[抖音深潜] XPath 找到 0 个链接
[抖音深潜] 最终找到 0 个视频链接
[抖音深潜] 未找到任何视频，跳过关键词: 海马课堂 避雷
[抖音深潜] 采集完成，共找到 0 条有效数据
[小红书列表页] 搜索关键词: 路觅留学
[小红书列表页] 当前页面 URL: https://www.xiaohongshu.com/search_result?keyword=%E8%B7%AF%E8%A7%85%E7%95%99%E5%AD%A6&source=web_search_result_notes&type=51
[小红书列表页] Smart Wait: 等待笔记卡片加载...
  [小红书列表页] ✓ 找到 34 个笔记卡片（使用: css:[class*="note"]）
[小红书列表页] 开始滚动加载（3 次）...
  [小红书列表页] 滚动 1/3 完成
  [小红书列表页] 滚动 2/3 完成
  [小红书列表页] 滚动 3/3 完成
[小红书列表页] 开始提取列表页数据...
[小红书列表页] 找到 34 个笔记卡片，开始提取...
[小红书列表页] ✗ 过滤: 未通过基础教育过滤 - 无标题...
[小红书列表页] ✗ 过滤: 未通过基础教育过滤 - 无标题...
[小红书列表页] ✗ 过滤: 未通过基础教育过滤 - 无标题...
[小红书列表页] 列表页未获取到数据，启用 Bing 备用方案...
[小红书列表页] 搜索关键词: 路觅辅导
[小红书列表页] 当前页面 URL: https://www.xiaohongshu.com/search_result?keyword=%E8%B7%AF%E8%A7%85%E8%BE%85%E5%AF%BC&source=web_search_result_notes&type=51
[小红书列表页] Smart Wait: 等待笔记卡片加载...
  [小红书列表页] ✓ 找到 34 个笔记卡片（使用: css:[class*="note"]）
[小红书列表页] 开始滚动加载（4 次）...
  [小红书列表页] 滚动 1/4 完成
  [小红书列表页] 滚动 2/4 完成
  [小红书列表页] 滚动 3/4 完成
  [小红书列表页] 滚动 4/4 完成
[小红书列表页] 开始提取列表页数据...
[小红书列表页] 找到 34 个笔记卡片，开始提取...
[小红书列表页] ✗ 过滤: 未通过基础教育过滤 - 无标题...
[小红书列表页] ✗ 过滤: 未通过基础教育过滤 - 无标题...
[小红书列表页] ✗ 过滤: 未通过基础教育过滤 - 无标题...
[小红书列表页] ✗ 过滤: 未通过基础教育过滤 - 无标题...
[小红书列表页] 列表页未获取到数据，启用 Bing 备用方案...
[小红书列表页] 搜索关键词: 路觅网课
[小红书列表页] 当前页面 URL: https://www.xiaohongshu.com/search_result?keyword=%E8%B7%AF%E8%A7%85%E7%BD%91%E8%AF%BE&source=web_search_result_notes&type=51
[小红书列表页] Smart Wait: 等待笔记卡片加载...
  [小红书列表页] ✓ 找到 34 个笔记卡片（使用: css:[class*="note"]）
[小红书列表页] 开始滚动加载（4 次）...
  [小红书列表页] 滚动 1/4 完成
  [小红书列表页] 滚动 2/4 完成
  [小红书列表页] 滚动 3/4 完成
  [小红书列表页] 滚动 4/4 完成
[小红书列表页] 开始提取列表页数据...
[小红书列表页] 找到 34 个笔记卡片，开始提取...
[小红书列表页] ✗ 过滤: 未通过基础教育过滤 - 无标题...
[小红书列表页] ✗ 过滤: 未通过基础教育过滤 - 无标题...
[小红书列表页] ✗ 过滤: 未通过基础教育过滤 - 无标题...
[小红书列表页] ✗ 过滤: 未通过基础教育过滤 - 无标题...
[小红书列表页] ✗ 过滤: 未通过基础教育过滤 - 无标题...
[小红书列表页] 列表页未获取到数据，启用 Bing 备用方案...
[小红书列表页] 搜索关键词: 路觅作业辅导
[小红书列表页] 当前页面 URL: https://www.xiaohongshu.com/search_result?keyword=%E8%B7%AF%E8%A7%85%E4%BD%9C%E4%B8%9A%E8%BE%85%E5%AF%BC&source=web_search_result_notes&type=51
[小红书列表页] Smart Wait: 等待笔记卡片加载...
  [小红书列表页] ✓ 找到 34 个笔记卡片（使用: css:[class*="note"]）
[小红书列表页] 开始滚动加载（5 次）...
  [小红书列表页] 滚动 1/5 完成
  [小红书列表页] 滚动 2/5 完成
  [小红书列表页] 滚动 3/5 完成
2025-12-13 12:40:22,879 - INFO -   ✗ 过滤: 未通过基础教育过滤 - 无标题...
2025-12-13 12:40:27,505 - WARNING - 列表页未获取到数据，启用 Bing 备用方案...
2025-12-13 12:40:27,506 - INFO - [Bing备用] 搜索关键词: 考而思网课
2025-12-13 12:40:29,664 - INFO - [Bing备用] 共找到 0 条结果
2025-12-13 12:40:32,261 - INFO - 搜索关键词: 考而思怎么样
2025-12-13 12:40:34,222 - INFO - 当前页面 URL: https://www.xiaohongshu.com/search_result?keyword=%E8%80%83%E8%80%8C%E6%80%9D%E6%80%8E%E4%B9%88%E6%A0%B7&source=web_search_result_notes&type=51
2025-12-13 12:40:44,410 - INFO -   ✗ 过滤: 未通过基础教育过滤 - 无标题...
2025-12-13 12:40:46,453 - INFO -   ✗ 过滤: 未通过基础教育过滤 - 无标题...
2025-12-13 12:40:48,487 - INFO -   ✗ 过滤: 未通过基础教育过滤 - 无标题...
2025-12-13 12:40:50,546 - INFO -   ✗ 过滤: 未通过基础教育过滤 - 无标题...
2025-12-13 12:40:58,921 - WARNING - 列表页未获取到数据，启用 Bing 备用方案...
2025-12-13 12:40:58,922 - INFO - [Bing备用] 搜索关键词: 考而思怎么样
2025-12-13 12:41:02,829 - INFO - [Bing备用] 共找到 0 条结果
2025-12-13 12:41:05,716 - INFO - 搜索关键词: 考而思课程
2025-12-13 12:41:07,702 - INFO - 当前页面 URL: https://www.xiaohongshu.com/search_result?keyword=%E8%80%83%E8%80%8C%E6%80%9D%E8%AF%BE%E7%A8%8B&source=web_search_result_notes&type=51
2025-12-13 12:41:21,254 - INFO -   ✗ 过滤: 未通过基础教育过滤 - 无标题...
2025-12-13 12:41:23,724 - WARNING - 列表页未获取到数据，启用 Bing 备用方案...
2025-12-13 12:41:23,725 - INFO - [Bing备用] 搜索关键词: 考而思课程
2025-12-13 12:41:28,636 - INFO - [Bing备用] 共找到 0 条结果
2025-12-13 12:41:30,969 - INFO - 搜索关键词: 考而思 退费
2025-12-13 12:41:32,300 - INFO - 当前页面 URL: https://www.xiaohongshu.com/search_result?keyword=%E8%80%83%E8%80%8C%E6%80%9D+%E9%80%80%E8%B4%B9&source=web_search_result_notes&type=51
2025-12-13 12:41:41,434 - INFO -   ✗ 过滤: 未通过基础教育过滤 - 无标题...
2025-12-13 12:41:43,471 - INFO -   ✗ 过滤: 未通过基础教育过滤 - 无标题...
2025-12-13 12:41:45,494 - INFO -   ✗ 过滤: 未通过基础教育过滤 - 无标题...
2025-12-13 12:41:47,523 - INFO -   ✗ 过滤: 未通过基础教育过滤 - 无标题...
2025-12-13 12:41:51,551 - WARNING - 列表页未获取到数据，启用 Bing 备用方案...
2025-12-13 12:41:51,551 - INFO - [Bing备用] 搜索关键词: 考而思 退费
2025-12-13 12:41:53,469 - INFO - [Bing备用] 共找到 0 条结果
2025-12-13 12:41:56,685 - INFO - 品牌: 辅无忧，使用 5 个组合关键词搜索
2025-12-13 12:41:56,686 - INFO - 搜索关键词: 辅无忧留学
2025-12-13 12:41:58,149 - INFO - 当前页面 URL: https://www.xiaohongshu.com/search_result?keyword=%E8%BE%85%E6%97%A0%E5%BF%A7%E7%95%99%E5%AD%A6&source=web_search_result_notes&type=51
2025-12-13 12:42:11,676 - INFO -   ✗ 过滤: 未通过基础教育过滤 - 无标题...
2025-12-13 12:42:13,708 - INFO -   ✗ 过滤: 未通过基础教育过滤 - 无标题...
2025-12-13 12:42:15,741 - INFO -   ✗ 过滤: 未通过基础教育过滤 - 无标题...
2025-12-13 12:42:19,106 - WARNING - 列表页未获取到数据，启用 Bing 备用方案...
2025-12-13 12:42:19,107 - INFO - [Bing备用] 搜索关键词: 辅无忧留学
2025-12-13 12:42:21,306 - INFO - [Bing备用] 共找到 0 条结果
2025-12-13 12:42:24,135 - INFO - 搜索关键词: 辅无忧辅导
2025-12-13 12:42:25,676 - INFO - 当前页面 URL: https://www.xiaohongshu.com/search_result?keyword=%E8%BE%85%E6%97%A0%E5%BF%A7%E8%BE%85%E5%AF%BC&source=web_search_result_notes&type=51
2025-12-13 12:42:36,853 - INFO -   ✗ 过滤: 未通过基础教育过滤 - 无标题...
2025-12-13 12:42:38,872 - INFO -   ✗ 过滤: 未通过基础教育过滤 - 无标题...
2025-12-13 12:42:40,901 - INFO -   ✗ 过滤: 未通过基础教育过滤 - 无标题...
2025-12-13 12:42:42,923 - INFO -   ✗ 过滤: 未通过基础教育过滤 - 无标题...
2025-12-13 12:42:45,636 - WARNING - 列表页未获取到数据，启用 Bing 备用方案...
2025-12-13 12:42:45,636 - INFO - [Bing备用] 搜索关键词: 辅无忧辅导
2025-12-13 12:42:47,945 - INFO - [Bing备用] 共找到 0 条结果
2025-12-13 12:42:49,999 - INFO - 搜索关键词: 辅无忧网课
2025-12-13 12:42:52,057 - INFO - 当前页面 URL: https://www.xiaohongshu.com/search_result?keyword=%E8%BE%85%E6%97%A0%E5%BF%A7%E7%BD%91%E8%AF%BE&source=web_search_result_notes&type=51
2025-12-13 12:43:03,571 - INFO -   ✗ 过滤: 未通过基础教育过滤 - 无标题...
2025-12-13 12:43:05,598 - INFO -   ✗ 过滤: 未通过基础教育过滤 - 无标题...
2025-12-13 12:43:07,619 - INFO -   ✗ 过滤: 未通过基础教育过滤 - 无标题...
2025-12-13 12:43:09,638 - INFO -   ✗ 过滤: 未通过基础教育过滤 - 无标题...
2025-12-13 12:43:11,672 - INFO -   ✗ 过滤: 未通过基础教育过滤 - 无标题...
2025-12-13 12:43:13,760 - INFO -   ✗ 过滤: 未通过基础教育过滤 - 无标题...
2025-12-13 12:43:15,785 - INFO -   ✗ 过滤: 未通过基础教育过滤 - 无标题...
2025-12-13 12:43:17,893 - INFO -   ✗ 过滤: 未通过基础教育过滤 - 无标题...
2025-12-13 12:43:19,489 - WARNING - 列表页未获取到数据，启用 Bing 备用方案...
2025-12-13 12:43:19,489 - INFO - [Bing备用] 搜索关键词: 辅无忧网课
2025-12-13 12:43:21,248 - INFO - [Bing备用] 共找到 0 条结果
2025-12-13 12:43:24,218 - INFO - 搜索关键词: 辅无忧怎么样
2025-12-13 12:43:26,111 - INFO - 当前页面 URL: https://www.xiaohongshu.com/search_result?keyword=%E8%BE%85%E6%97%A0%E5%BF%A7%E6%80%8E%E4%B9%88%E6%A0%B7&source=web_search_result_notes&type=51
2025-12-13 12:43:37,454 - INFO -   ✗ 过滤: 未通过基础教育过滤 - 无标题...
2025-12-13 12:43:39,476 - INFO -   ✗ 过滤: 未通过基础教育过滤 - 无标题...
2025-12-13 12:43:41,504 - INFO -   ✗ 过滤: 未通过基础教育过滤 - 无标题...
2025-12-13 12:43:43,529 - INFO -   ✗ 过滤: 未通过基础教育过滤 - 无标题...
2025-12-13 12:43:45,544 - INFO -   ✗ 过滤: 未通过基础教育过滤 - 无标题...
2025-12-13 12:43:48,315 - WARNING - 列表页未获取到数据，启用 Bing 备用方案...
2025-12-13 12:43:48,316 - INFO - [Bing备用] 搜索关键词: 辅无忧怎么样
2025-12-13 12:43:50,091 - INFO - [Bing备用] 共找到 0 条结果
2025-12-13 12:43:53,033 - INFO - 搜索关键词: 辅无忧论文
2025-12-13 12:43:54,347 - INFO - 当前页面 URL: https://www.xiaohongshu.com/search_result?keyword=%E8%BE%85%E6%97%A0%E5%BF%A7%E8%AE%BA%E6%96%87&source=web_search_result_notes&type=51
2025-12-13 12:44:03,636 - INFO -   ✗ 过滤: 未通过基础教育过滤 - 无标题...
2025-12-13 12:44:05,655 - INFO -   ✗ 过滤: 未通过基础教育过滤 - 无标题...
2025-12-13 12:44:07,674 - INFO -   ✗ 过滤: 未通过基础教育过滤 - 无标题...
2025-12-13 12:44:09,698 - INFO -   ✗ 过滤: 未通过基础教育过滤 - 无标题...
2025-12-13 12:44:11,847 - INFO -   ✗ 过滤: 未通过基础教育过滤 - 无标题...
2025-12-13 12:44:13,877 - INFO -   ✗ 过滤: 未通过基础教育过滤 - 无标题...
2025-12-13 12:44:16,101 - INFO -   ✗ 过滤: 未通过基础教育过滤 - 无标题...
2025-12-13 12:44:21,199 - WARNING - 列表页未获取到数据，启用 Bing 备用方案...
2025-12-13 12:44:21,200 - INFO - [Bing备用] 搜索关键词: 辅无忧论文
2025-12-13 12:44:23,175 - INFO - [Bing备用] 共找到 0 条结果
2025-12-13 12:44:26,695 - INFO - 品牌: 万能班长，使用 4 个组合关键词搜索
2025-12-13 12:44:26,695 - INFO - 搜索关键词: 万能班长留学
2025-12-13 12:44:28,483 - INFO - 当前页面 URL: https://www.xiaohongshu.com/search_result?keyword=%E4%B8%87%E8%83%BD%E7%8F%AD%E9%95%BF%E7%95%99%E5%AD%A6&source=web_search_result_notes&type=51
2025-12-13 12:44:40,096 - INFO -   ✗ 过滤: 未通过基础教育过滤 - 无标题...
2025-12-13 12:44:42,128 - INFO -   ✗ 过滤: 未通过基础教育过滤 - 无标题...
2025-12-13 12:44:44,159 - INFO -   ✗ 过滤: 未通过基础教育过滤 - 无标题...
2025-12-13 12:44:47,190 - WARNING - 列表页未获取到数据，启用 Bing 备用方案...
2025-12-13 12:44:47,191 - INFO - [Bing备用] 搜索关键词: 万能班长留学
2025-12-13 12:44:49,236 - INFO - [Bing备用] 共找到 0 条结果
2025-12-13 12:44:52,056 - INFO - 搜索关键词: 万能班长辅导
2025-12-13 12:44:53,356 - INFO - 当前页面 URL: https://www.xiaohongshu.com/search_result?keyword=%E4%B8%87%E8%83%BD%E7%8F%AD%E9%95%BF%E8%BE%85%E5%AF%BC&source=web_search_result_notes&type=51
2025-12-13 12:45:02,498 - INFO -   ✗ 过滤: 未通过基础教育过滤 - 无标题...
2025-12-13 12:45:04,517 - INFO -   ✗ 过滤: 未通过基础教育过滤 - 无标题...
2025-12-13 12:45:06,547 - INFO -   ✗ 过滤: 未通过基础教育过滤 - 无标题...
2025-12-13 12:45:08,571 - INFO -   ✗ 过滤: 未通过基础教育过滤 - 无标题...
2025-12-13 12:45:10,599 - INFO -   ✗ 过滤: 未通过基础教育过滤 - 无标题...
2025-12-13 12:45:12,623 - INFO -   ✗ 过滤: 未通过基础教育过滤 - 无标题...
2025-12-13 12:45:19,737 - WARNING - 列表页未获取到数据，启用 Bing 备用方案...
2025-12-13 12:45:19,738 - INFO - [Bing备用] 搜索关键词: 万能班长辅导
2025-12-13 12:45:21,800 - INFO - [Bing备用] 共找到 0 条结果
2025-12-13 12:45:24,620 - INFO - 搜索关键词: 万能班长网课
2025-12-13 12:45:26,245 - INFO - 当前页面 URL: https://www.xiaohongshu.com/search_result?keyword=%E4%B8%87%E8%83%BD%E7%8F%AD%E9%95%BF%E7%BD%91%E8%AF%BE&source=web_search_result_notes&type=51
2025-12-13 12:45:37,617 - INFO -   ✗ 过滤: 未通过基础教育过滤 - 无标题...
2025-12-13 12:45:39,647 - INFO -   ✗ 过滤: 未通过基础教育过滤 - 无标题...
2025-12-13 12:45:41,662 - INFO -   ✗ 过滤: 未通过基础教育过滤 - 无标题...
2025-12-13 12:45:43,682 - INFO -   ✗ 过滤: 未通过基础教育过滤 - 无标题...
2025-12-13 12:45:46,918 - WARNING - 列表页未获取到数据，启用 Bing 备用方案...
2025-12-13 12:45:46,918 - INFO - [Bing备用] 搜索关键词: 万能班长网课
2025-12-13 12:45:48,877 - INFO - [Bing备用] 共找到 0 条结果
2025-12-13 12:45:50,950 - INFO - 搜索关键词: 万能班长怎么样
2025-12-13 12:45:52,437 - INFO - 当前页面 URL: https://www.xiaohongshu.com/search_result?keyword=%E4%B8%87%E8%83%BD%E7%8F%AD%E9%95%BF%E6%80%8E%E4%B9%88%E6%A0%B7&source=web_search_result_notes&type=51
2025-12-13 12:46:03,724 - INFO -   ✗ 过滤: 未通过基础教育过滤 - 无标题...
2025-12-13 12:46:05,765 - INFO -   ✗ 过滤: 未通过基础教育过滤 - 无标题...
2025-12-13 12:46:07,822 - INFO -   ✗ 过滤: 未通过基础教育过滤 - 无标题...
2025-12-13 12:46:09,842 - INFO -   ✗ 过滤: 未通过基础教育过滤 - 无标题...
2025-12-13 12:46:11,860 - INFO -   ✗ 过滤: 未通过基础教育过滤 - 无标题...
2025-12-13 12:46:13,940 - INFO -   ✗ 过滤: 未通过基础教育过滤 - 无标题...
2025-12-13 12:46:19,035 - WARNING - 列表页未获取到数据，启用 Bing 备用方案...
2025-12-13 12:46:19,036 - INFO - [Bing备用] 搜索关键词: 万能班长怎么样
2025-12-13 12:46:20,976 - INFO - [Bing备用] 共找到 0 条结果
2025-12-13 12:46:24,905 - INFO - 品牌: 红领巾，使用 4 个组合关键词搜索
2025-12-13 12:46:24,952 - INFO - 搜索关键词: 红领巾留学
2025-12-13 12:46:27,247 - INFO - 当前页面 URL: https://www.xiaohongshu.com/search_result?keyword=%E7%BA%A2%E9%A2%86%E5%B7%BE%E7%95%99%E5%AD%A6&source=web_search_result_notes&type=51
2025-12-13 12:46:41,434 - INFO -   ✗ 过滤: 未通过基础教育过滤 - 无标题...
2025-12-13 12:46:43,459 - INFO -   ✗ 过滤: 未通过基础教育过滤 - 无标题...
2025-12-13 12:46:45,503 - INFO -   ✗ 过滤: 未通过基础教育过滤 - 无标题...
2025-12-13 12:46:48,545 - WARNING - 列表页未获取到数据，启用 Bing 备用方案...
2025-12-13 12:46:48,546 - INFO - [Bing备用] 搜索关键词: 红领巾留学
2025-12-13 12:46:50,829 - INFO - [Bing备用] 共找到 0 条结果
2025-12-13 12:46:53,550 - INFO - 搜索关键词: 红领巾辅导
2025-12-13 12:46:55,191 - INFO - 当前页面 URL: https://www.xiaohongshu.com/search_result?keyword=%E7%BA%A2%E9%A2%86%E5%B7%BE%E8%BE%85%E5%AF%BC&source=web_search_result_notes&type=51
2025-12-13 12:47:07,406 - INFO -   ✗ 过滤: 未通过基础教育过滤 - 无标题...
2025-12-13 12:47:09,446 - INFO -   ✗ 过滤: 未通过基础教育过滤 - 无标题...
2025-12-13 12:47:11,595 - INFO -   ✗ 过滤: 未通过基础教育过滤 - 无标题...
2025-12-13 12:47:13,623 - INFO -   ✗ 过滤: 未通过基础教育过滤 - 无标题...
2025-12-13 12:47:15,646 - INFO -   ✗ 过滤: 未通过基础教育过滤 - 无标题...
2025-12-13 12:47:17,676 - INFO -   ✗ 过滤: 未通过基础教育过滤 - 无标题...
2025-12-13 12:47:34,626 - WARNING - 列表页未获取到数据，启用 Bing 备用方案...
2025-12-13 12:47:34,627 - INFO - [Bing备用] 搜索关键词: 红领巾辅导
2025-12-13 12:47:36,695 - INFO - [Bing备用] 共找到 0 条结果
2025-12-13 12:47:38,951 - INFO - 搜索关键词: 红领巾网课
  [小红书列表页] 滚动 4/5 完成
  [小红书列表页] 滚动 5/5 完成
[小红书列表页] 开始提取列表页数据...
[小红书列表页] 找到 34 个笔记卡片，开始提取...
[小红书列表页] ✗ 过滤: 未通过基础教育过滤 - 无标题...
[小红书列表页] ✗ 过滤: 未通过基础教育过滤 - 无标题...
[小红书列表页] ✗ 过滤: 未通过基础教育过滤 - 无标题...
[小红书列表页] ✗ 过滤: 未通过基础教育过滤 - 无标题...
[小红书列表页] 列表页未获取到数据，启用 Bing 备用方案...
[小红书列表页] 搜索关键词: 路觅论文
[小红书列表页] 当前页面 URL: https://www.xiaohongshu.com/search_result?keyword=%E8%B7%AF%E8%A7%85%E8%AE%BA%E6%96%87&source=web_search_result_notes&type=51
[小红书列表页] Smart Wait: 等待笔记卡片加载...
  [小红书列表页] ✓ 找到 26 个笔记卡片（使用: css:[class*="note"]）
[小红书列表页] 开始滚动加载（4 次）...
  [小红书列表页] 滚动 1/4 完成
  [小红书列表页] 滚动 2/4 完成
  [小红书列表页] 滚动 3/4 完成
  [小红书列表页] 滚动 4/4 完成
[小红书列表页] 开始提取列表页数据...
[小红书列表页] 找到 26 个笔记卡片，开始提取...
[小红书列表页] ✗ 过滤: 未通过基础教育过滤 - 无标题...
[小红书列表页] ✗ 过滤: 未通过基础教育过滤 - 无标题...
[小红书列表页] ✗ 过滤: 未通过基础教育过滤 - 无标题...
[小红书列表页] ✗ 过滤: 未通过基础教育过滤 - 无标题...
[小红书列表页] 列表页未获取到数据，启用 Bing 备用方案...
[小红书列表页] 搜索关键词: 路觅课程
[小红书列表页] 当前页面 URL: https://www.xiaohongshu.com/search_result?keyword=%E8%B7%AF%E8%A7%85%E8%AF%BE%E7%A8%8B&source=web_search_result_notes&type=51
[小红书列表页] Smart Wait: 等待笔记卡片加载...
  [小红书列表页] ✓ 找到 34 个笔记卡片（使用: css:[class*="note"]）
[小红书列表页] 开始滚动加载（4 次）...
  [小红书列表页] 滚动 1/4 完成
  [小红书列表页] 滚动 2/4 完成
  [小红书列表页] 滚动 3/4 完成
  [小红书列表页] 滚动 4/4 完成
[小红书列表页] 开始提取列表页数据...
[小红书列表页] 找到 34 个笔记卡片，开始提取...
[小红书列表页] ✗ 过滤: 未通过基础教育过滤 - 无标题...
[小红书列表页] ✗ 过滤: 未通过基础教育过滤 - 无标题...
[小红书列表页] ✗ 过滤: 未通过基础教育过滤 - 无标题...
[小红书列表页] ✗ 过滤: 未通过基础教育过滤 - 无标题...
[小红书列表页] 列表页未获取到数据，启用 Bing 备用方案...
[小红书列表页] 搜索关键词: 路觅 挂科
[小红书列表页] 当前页面 URL: https://www.xiaohongshu.com/search_result?keyword=%E8%B7%AF%E8%A7%85+%E6%8C%82%E7%A7%91&source=web_search_result_notes&type=51
[小红书列表页] Smart Wait: 等待笔记卡片加载...
  [小红书列表页] ✓ 找到 18 个笔记卡片（使用: css:[class*="note"]）
[小红书列表页] 开始滚动加载（5 次）...
  [小红书列表页] 滚动 1/5 完成
  [小红书列表页] 滚动 2/5 完成
  [小红书列表页] 滚动 3/5 完成
  [小红书列表页] 滚动 4/5 完成
  [小红书列表页] 滚动 5/5 完成
[小红书列表页] 开始提取列表页数据...
[小红书列表页] 找到 18 个笔记卡片，开始提取...
[小红书列表页] ✗ 过滤: 未通过基础教育过滤 - 无标题...
[小红书列表页] ✗ 过滤: 未通过基础教育过滤 - 无标题...
[小红书列表页] ✗ 过滤: 未通过基础教育过滤 - 无标题...
[小红书列表页] ✗ 过滤: 未通过基础教育过滤 - 无标题...
[小红书列表页] ✗ 过滤: 未通过基础教育过滤 - 无标题...
[小红书列表页] ✗ 过滤: 未通过基础教育过滤 - 无标题...
[小红书列表页] 列表页未获取到数据，启用 Bing 备用方案...
[小红书列表页] 搜索关键词: 路觅 GPA
[小红书列表页] 当前页面 URL: https://www.xiaohongshu.com/search_result?keyword=%E8%B7%AF%E8%A7%85+GPA&source=web_search_result_notes&type=51
[小红书列表页] Smart Wait: 等待笔记卡片加载...
  [小红书列表页] ✓ 找到 18 个笔记卡片（使用: css:[class*="note"]）
[小红书列表页] 开始滚动加载（5 次）...
  [小红书列表页] 滚动 1/5 完成
  [小红书列表页] 滚动 2/5 完成
  [小红书列表页] 滚动 3/5 完成
  [小红书列表页] 滚动 4/5 完成
  [小红书列表页] 滚动 5/5 完成
[小红书列表页] 开始提取列表页数据...
[小红书列表页] 找到 18 个笔记卡片，开始提取...
[小红书列表页] ✗ 过滤: 未通过基础教育过滤 - 无标题...
[小红书列表页] ✗ 过滤: 未通过基础教育过滤 - 无标题...
[小红书列表页] ✗ 过滤: 未通过基础教育过滤 - 无标题...
[小红书列表页] 列表页未获取到数据，启用 Bing 备用方案...
[小红书列表页] 搜索关键词: 考而思留学
[小红书列表页] 当前页面 URL: https://www.xiaohongshu.com/search_result?keyword=%E8%80%83%E8%80%8C%E6%80%9D%E7%95%99%E5%AD%A6&source=web_search_result_notes&type=51
[小红书列表页] Smart Wait: 等待笔记卡片加载...
  [小红书列表页] ✓ 找到 34 个笔记卡片（使用: css:[class*="note"]）
[小红书列表页] 开始滚动加载（4 次）...
  [小红书列表页] 滚动 1/4 完成
  [小红书列表页] 滚动 2/4 完成
  [小红书列表页] 滚动 3/4 完成
  [小红书列表页] 滚动 4/4 完成
[小红书列表页] 开始提取列表页数据...
[小红书列表页] 找到 34 个笔记卡片，开始提取...
[小红书列表页] ✗ 过滤: 未通过基础教育过滤 - 无标题...
[小红书列表页] ✗ 过滤: 未通过基础教育过滤 - 无标题...
[小红书列表页] ✗ 过滤: 未通过基础教育过滤 - 无标题...
[小红书列表页] ✗ 过滤: 未通过基础教育过滤 - 无标题...
[小红书列表页] 列表页未获取到数据，启用 Bing 备用方案...
[小红书列表页] 搜索关键词: 考而思辅导
[小红书列表页] 当前页面 URL: https://www.xiaohongshu.com/search_result?keyword=%E8%80%83%E8%80%8C%E6%80%9D%E8%BE%85%E5%AF%BC&source=web_search_result_notes&type=51
[小红书列表页] Smart Wait: 等待笔记卡片加载...
  [小红书列表页] ✓ 找到 34 个笔记卡片（使用: css:[class*="note"]）
[小红书列表页] 开始滚动加载（3 次）...
  [小红书列表页] 滚动 1/3 完成
  [小红书列表页] 滚动 2/3 完成
  [小红书列表页] 滚动 3/3 完成
[小红书列表页] 开始提取列表页数据...
[小红书列表页] 找到 34 个笔记卡片，开始提取...
[小红书列表页] ✗ 过滤: 未通过基础教育过滤 - 无标题...
[小红书列表页] ✗ 过滤: 未通过基础教育过滤 - 无标题...
[小红书列表页] ✗ 过滤: 未通过基础教育过滤 - 无标题...
[小红书列表页] ✗ 过滤: 未通过基础教育过滤 - 无标题...
[小红书列表页] ✗ 过滤: 未通过基础教育过滤 - 无标题...
[小红书列表页] 列表页未获取到数据，启用 Bing 备用方案...
[小红书列表页] 搜索关键词: 考而思网课
[小红书列表页] 当前页面 URL: https://www.xiaohongshu.com/search_result?keyword=%E8%80%83%E8%80%8C%E6%80%9D%E7%BD%91%E8%AF%BE&source=web_search_result_notes&type=51
[小红书列表页] Smart Wait: 等待笔记卡片加载...
  [小红书列表页] ✓ 找到 26 个笔记卡片（使用: css:[class*="note"]）
[小红书列表页] 开始滚动加载（3 次）...
  [小红书列表页] 滚动 1/3 完成
  [小红书列表页] 滚动 2/3 完成
  [小红书列表页] 滚动 3/3 完成
[小红书列表页] 开始提取列表页数据...
[小红书列表页] 找到 26 个笔记卡片，开始提取...
[小红书列表页] ✗ 过滤: 未通过基础教育过滤 - 无标题...
[小红书列表页] ✗ 过滤: 未通过基础教育过滤 - 无标题...
[小红书列表页] ✗ 过滤: 未通过基础教育过滤 - 无标题...
[小红书列表页] ✗ 过滤: 未通过基础教育过滤 - 无标题...
[小红书列表页] ✗ 过滤: 未通过基础教育过滤 - 无标题...
[小红书列表页] 列表页未获取到数据，启用 Bing 备用方案...
[小红书列表页] 搜索关键词: 考而思怎么样
[小红书列表页] 当前页面 URL: https://www.xiaohongshu.com/search_result?keyword=%E8%80%83%E8%80%8C%E6%80%9D%E6%80%8E%E4%B9%88%E6%A0%B7&source=web_search_result_notes&type=51
[小红书列表页] Smart Wait: 等待笔记卡片加载...
  [小红书列表页] ✓ 找到 34 个笔记卡片（使用: css:[class*="note"]）
[小红书列表页] 开始滚动加载（3 次）...
  [小红书列表页] 滚动 1/3 完成
  [小红书列表页] 滚动 2/3 完成
  [小红书列表页] 滚动 3/3 完成
[小红书列表页] 开始提取列表页数据...
[小红书列表页] 找到 34 个笔记卡片，开始提取...
[小红书列表页] ✗ 过滤: 未通过基础教育过滤 - 无标题...
[小红书列表页] ✗ 过滤: 未通过基础教育过滤 - 无标题...
[小红书列表页] ✗ 过滤: 未通过基础教育过滤 - 无标题...
[小红书列表页] ✗ 过滤: 未通过基础教育过滤 - 无标题...
[小红书列表页] 列表页未获取到数据，启用 Bing 备用方案...
[小红书列表页] 搜索关键词: 考而思课程
[小红书列表页] 当前页面 URL: https://www.xiaohongshu.com/search_result?keyword=%E8%80%83%E8%80%8C%E6%80%9D%E8%AF%BE%E7%A8%8B&source=web_search_result_notes&type=51
[小红书列表页] Smart Wait: 等待笔记卡片加载...
  [小红书列表页] ✓ 找到 34 个笔记卡片（使用: css:[class*="note"]）
[小红书列表页] 开始滚动加载（5 次）...
  [小红书列表页] 滚动 1/5 完成
  [小红书列表页] 滚动 2/5 完成
  [小红书列表页] 滚动 3/5 完成
  [小红书列表页] 滚动 4/5 完成
  [小红书列表页] 滚动 5/5 完成
[小红书列表页] 开始提取列表页数据...
[小红书列表页] 找到 34 个笔记卡片，开始提取...
[小红书列表页] ✗ 过滤: 未通过基础教育过滤 - 无标题...
[小红书列表页] 列表页未获取到数据，启用 Bing 备用方案...
[小红书列表页] 搜索关键词: 考而思 退费
[小红书列表页] 当前页面 URL: https://www.xiaohongshu.com/search_result?keyword=%E8%80%83%E8%80%8C%E6%80%9D+%E9%80%80%E8%B4%B9&source=web_search_result_notes&type=51
[小红书列表页] Smart Wait: 等待笔记卡片加载...
  [小红书列表页] ✓ 找到 18 个笔记卡片（使用: css:[class*="note"]）
[小红书列表页] 开始滚动加载（3 次）...
  [小红书列表页] 滚动 1/3 完成
  [小红书列表页] 滚动 2/3 完成
  [小红书列表页] 滚动 3/3 完成
[小红书列表页] 开始提取列表页数据...
[小红书列表页] 找到 18 个笔记卡片，开始提取...
[小红书列表页] ✗ 过滤: 未通过基础教育过滤 - 无标题...
[小红书列表页] ✗ 过滤: 未通过基础教育过滤 - 无标题...
[小红书列表页] ✗ 过滤: 未通过基础教育过滤 - 无标题...
[小红书列表页] ✗ 过滤: 未通过基础教育过滤 - 无标题...
[小红书列表页] 列表页未获取到数据，启用 Bing 备用方案...
[小红书列表页] 搜索关键词: 辅无忧留学
[小红书列表页] 当前页面 URL: https://www.xiaohongshu.com/search_result?keyword=%E8%BE%85%E6%97%A0%E5%BF%A7%E7%95%99%E5%AD%A6&source=web_search_result_notes&type=51
[小红书列表页] Smart Wait: 等待笔记卡片加载...
  [小红书列表页] ✓ 找到 34 个笔记卡片（使用: css:[class*="note"]）
[小红书列表页] 开始滚动加载（5 次）...
  [小红书列表页] 滚动 1/5 完成
  [小红书列表页] 滚动 2/5 完成
  [小红书列表页] 滚动 3/5 完成
  [小红书列表页] 滚动 4/5 完成
  [小红书列表页] 滚动 5/5 完成
[小红书列表页] 开始提取列表页数据...
[小红书列表页] 找到 34 个笔记卡片，开始提取...
[小红书列表页] ✗ 过滤: 未通过基础教育过滤 - 无标题...
[小红书列表页] ✗ 过滤: 未通过基础教育过滤 - 无标题...
[小红书列表页] ✗ 过滤: 未通过基础教育过滤 - 无标题...
[小红书列表页] 列表页未获取到数据，启用 Bing 备用方案...
[小红书列表页] 搜索关键词: 辅无忧辅导
[小红书列表页] 当前页面 URL: https://www.xiaohongshu.com/search_result?keyword=%E8%BE%85%E6%97%A0%E5%BF%A7%E8%BE%85%E5%AF%BC&source=web_search_result_notes&type=51
[小红书列表页] Smart Wait: 等待笔记卡片加载...
  [小红书列表页] ✓ 找到 18 个笔记卡片（使用: css:[class*="note"]）
[小红书列表页] 开始滚动加载（4 次）...
  [小红书列表页] 滚动 1/4 完成
  [小红书列表页] 滚动 2/4 完成
  [小红书列表页] 滚动 3/4 完成
  [小红书列表页] 滚动 4/4 完成
[小红书列表页] 开始提取列表页数据...
[小红书列表页] 找到 18 个笔记卡片，开始提取...
[小红书列表页] ✗ 过滤: 未通过基础教育过滤 - 无标题...
[小红书列表页] ✗ 过滤: 未通过基础教育过滤 - 无标题...
[小红书列表页] ✗ 过滤: 未通过基础教育过滤 - 无标题...
[小红书列表页] ✗ 过滤: 未通过基础教育过滤 - 无标题...
[小红书列表页] 列表页未获取到数据，启用 Bing 备用方案...
[小红书列表页] 搜索关键词: 辅无忧网课
[小红书列表页] 当前页面 URL: https://www.xiaohongshu.com/search_result?keyword=%E8%BE%85%E6%97%A0%E5%BF%A7%E7%BD%91%E8%AF%BE&source=web_search_result_notes&type=51
[小红书列表页] Smart Wait: 等待笔记卡片加载...
  [小红书列表页] ✓ 找到 18 个笔记卡片（使用: css:[class*="note"]）
[小红书列表页] 开始滚动加载（4 次）...
  [小红书列表页] 滚动 1/4 完成
  [小红书列表页] 滚动 2/4 完成
  [小红书列表页] 滚动 3/4 完成
  [小红书列表页] 滚动 4/4 完成
[小红书列表页] 开始提取列表页数据...
[小红书列表页] 找到 18 个笔记卡片，开始提取...
[小红书列表页] ✗ 过滤: 未通过基础教育过滤 - 无标题...
[小红书列表页] ✗ 过滤: 未通过基础教育过滤 - 无标题...
[小红书列表页] ✗ 过滤: 未通过基础教育过滤 - 无标题...
[小红书列表页] ✗ 过滤: 未通过基础教育过滤 - 无标题...
[小红书列表页] ✗ 过滤: 未通过基础教育过滤 - 无标题...
[小红书列表页] ✗ 过滤: 未通过基础教育过滤 - 无标题...
[小红书列表页] ✗ 过滤: 未通过基础教育过滤 - 无标题...
[小红书列表页] ✗ 过滤: 未通过基础教育过滤 - 无标题...
[小红书列表页] 列表页未获取到数据，启用 Bing 备用方案...
[小红书列表页] 搜索关键词: 辅无忧怎么样
[小红书列表页] 当前页面 URL: https://www.xiaohongshu.com/search_result?keyword=%E8%BE%85%E6%97%A0%E5%BF%A7%E6%80%8E%E4%B9%88%E6%A0%B7&source=web_search_result_notes&type=51
[小红书列表页] Smart Wait: 等待笔记卡片加载...
  [小红书列表页] ✓ 找到 26 个笔记卡片（使用: css:[class*="note"]）
[小红书列表页] 开始滚动加载（4 次）...
  [小红书列表页] 滚动 1/4 完成
  [小红书列表页] 滚动 2/4 完成
  [小红书列表页] 滚动 3/4 完成
  [小红书列表页] 滚动 4/4 完成
[小红书列表页] 开始提取列表页数据...
[小红书列表页] 找到 26 个笔记卡片，开始提取...
[小红书列表页] ✗ 过滤: 未通过基础教育过滤 - 无标题...
[小红书列表页] ✗ 过滤: 未通过基础教育过滤 - 无标题...
[小红书列表页] ✗ 过滤: 未通过基础教育过滤 - 无标题...
[小红书列表页] ✗ 过滤: 未通过基础教育过滤 - 无标题...
[小红书列表页] ✗ 过滤: 未通过基础教育过滤 - 无标题...
[小红书列表页] 列表页未获取到数据，启用 Bing 备用方案...
[小红书列表页] 搜索关键词: 辅无忧论文
2025-12-13 12:47:40,362 - INFO - 当前页面 URL: https://www.xiaohongshu.com/search_result?keyword=%E7%BA%A2%E9%A2%86%E5%B7%BE%E7%BD%91%E8%AF%BE&source=web_search_result_notes&type=51
2025-12-13 12:47:49,613 - INFO -   ✗ 过滤: 未通过基础教育过滤 - 无标题...
2025-12-13 12:47:51,630 - INFO -   ✗ 过滤: 未通过基础教育过滤 - 无标题...
2025-12-13 12:47:53,657 - INFO -   ✗ 过滤: 未通过基础教育过滤 - 无标题...
2025-12-13 12:47:55,677 - INFO -   ✗ 过滤: 未通过基础教育过滤 - 无标题...
2025-12-13 12:47:57,701 - INFO -   ✗ 过滤: 未通过基础教育过滤 - 无标题...
2025-12-13 12:47:59,732 - INFO -   ✗ 过滤: 未通过基础教育过滤 - 无标题...
2025-12-13 12:48:15,850 - WARNING - 列表页未获取到数据，启用 Bing 备用方案...
2025-12-13 12:48:15,851 - INFO - [Bing备用] 搜索关键词: 红领巾网课
2025-12-13 12:48:17,697 - INFO - [Bing备用] 共找到 0 条结果
2025-12-13 12:48:20,084 - INFO - 搜索关键词: 红领巾怎么样
2025-12-13 12:48:21,423 - INFO - 当前页面 URL: https://www.xiaohongshu.com/search_result?keyword=%E7%BA%A2%E9%A2%86%E5%B7%BE%E6%80%8E%E4%B9%88%E6%A0%B7&source=web_search_result_notes&type=51
2025-12-13 12:48:34,180 - INFO -   ✗ 过滤: 未通过基础教育过滤 - 无标题...
2025-12-13 12:48:36,204 - INFO -   ✗ 过滤: 未通过基础教育过滤 - 无标题...
2025-12-13 12:48:38,279 - INFO -   ✗ 过滤: 未通过基础教育过滤 - 无标题...
2025-12-13 12:48:40,301 - INFO -   ✗ 过滤: 未通过基础教育过滤 - 无标题...
2025-12-13 12:48:42,344 - INFO -   ✗ 过滤: 未通过基础教育过滤 - 无标题...
2025-12-13 12:48:44,437 - INFO -   ✗ 过滤: 未通过基础教育过滤 - 无标题...
2025-12-13 12:49:00,641 - WARNING - 列表页未获取到数据，启用 Bing 备用方案...
2025-12-13 12:49:00,641 - INFO - [Bing备用] 搜索关键词: 红领巾怎么样
2025-12-13 12:49:02,308 - INFO - [Bing备用] 共找到 0 条结果
2025-12-13 12:49:07,124 - INFO - 品牌: 海马课堂，使用 6 个组合关键词搜索
2025-12-13 12:49:07,124 - INFO - 搜索关键词: 海马课堂
2025-12-13 12:49:09,374 - INFO - 当前页面 URL: https://www.xiaohongshu.com/search_result?keyword=%E8%B7%AF%E8%A7%85%E4%BD%9C%E4%B8%9A%E8%BE%85%E5%AF%BC&source=web_search_result_notes&type=51
2025-12-13 12:49:20,687 - INFO -   ✗ 过滤: 未通过基础教育过滤 - 无标题...
2025-12-13 12:49:22,728 - INFO -   ✗ 过滤: 未通过基础教育过滤 - 无标题...
2025-12-13 12:49:24,907 - INFO -   ✗ 过滤: 未通过基础教育过滤 - 无标题...
2025-12-13 12:49:27,009 - INFO -   ✗ 过滤: 未通过基础教育过滤 - 无标题...
2025-12-13 12:49:29,047 - INFO -   ✗ 过滤: 未通过基础教育过滤 - 无标题...
2025-12-13 12:49:31,242 - INFO -   ✗ 过滤: 未通过基础教育过滤 - 无标题...
2025-12-13 12:49:47,435 - WARNING - 列表页未获取到数据，启用 Bing 备用方案...
2025-12-13 12:49:47,436 - INFO - [Bing备用] 搜索关键词: 海马课堂
2025-12-13 12:49:49,427 - INFO - [Bing备用] 共找到 0 条结果
2025-12-13 12:49:51,963 - INFO - 搜索关键词: 海马课堂怎么样
2025-12-13 12:49:56,178 - INFO - 当前页面 URL: https://www.xiaohongshu.com/search_result?keyword=%E6%B5%B7%E9%A9%AC%E8%AF%BE%E5%A0%82%E6%80%8E%E4%B9%88%E6%A0%B7&source=web_search_result_notes&type=51
2025-12-13 12:50:07,561 - INFO -   ✗ 过滤: 未通过基础教育过滤 - 无标题...
2025-12-13 12:50:09,594 - INFO -   ✗ 过滤: 未通过基础教育过滤 - 无标题...
2025-12-13 12:50:11,614 - INFO -   ✗ 过滤: 未通过基础教育过滤 - 无标题...
2025-12-13 12:50:13,646 - INFO -   ✗ 过滤: 未通过基础教育过滤 - 无标题...
2025-12-13 12:50:15,703 - INFO -   ✗ 过滤: 未通过基础教育过滤 - 无标题...
2025-12-13 12:50:17,753 - INFO -   ✗ 过滤: 未通过基础教育过滤 - 无标题...
2025-12-13 12:50:33,912 - WARNING - 列表页未获取到数据，启用 Bing 备用方案...
2025-12-13 12:50:33,913 - INFO - [Bing备用] 搜索关键词: 海马课堂怎么样
2025-12-13 12:50:35,948 - INFO - [Bing备用] 共找到 0 条结果
2025-12-13 12:50:38,004 - INFO - 搜索关键词: 海马课堂辅导
2025-12-13 12:50:42,547 - INFO - 当前页面 URL: https://www.xiaohongshu.com/search_result?keyword=%E6%B5%B7%E9%A9%AC%E8%AF%BE%E5%A0%82%E8%BE%85%E5%AF%BC&source=web_search_result_notes&type=51
2025-12-13 12:50:51,760 - INFO -   ✗ 过滤: 未通过基础教育过滤 - 无标题...
2025-12-13 12:50:53,799 - INFO -   ✗ 过滤: 未通过基础教育过滤 - 无标题...
2025-12-13 12:50:55,880 - INFO -   ✗ 过滤: 未通过基础教育过滤 - 无标题...
2025-12-13 12:50:58,104 - INFO -   ✗ 过滤: 未通过基础教育过滤 - 无标题...
2025-12-13 12:51:00,153 - INFO -   ✗ 过滤: 未通过基础教育过滤 - 无标题...
2025-12-13 12:51:02,752 - INFO -   ✗ 过滤: 未通过基础教育过滤 - 无标题...
2025-12-13 12:51:18,906 - WARNING - 列表页未获取到数据，启用 Bing 备用方案...
2025-12-13 12:51:18,907 - INFO - [Bing备用] 搜索关键词: 海马课堂辅导
2025-12-13 12:51:20,651 - INFO - [Bing备用] 共找到 0 条结果
2025-12-13 12:51:23,076 - INFO - 搜索关键词: 海马课堂论文
2025-12-13 12:51:25,556 - INFO - 当前页面 URL: https://www.xiaohongshu.com/search_result?keyword=%E8%B7%AF%E8%A7%85+%E6%8C%82%E7%A7%91&source=web_search_result_notes&type=51
2025-12-13 12:51:38,991 - INFO -   ✗ 过滤: 未通过基础教育过滤 - 无标题...
2025-12-13 12:51:41,072 - INFO -   ✗ 过滤: 未通过基础教育过滤 - 无标题...
2025-12-13 12:51:43,102 - INFO -   ✗ 过滤: 未通过基础教育过滤 - 无标题...
2025-12-13 12:51:45,148 - INFO -   ✗ 过滤: 未通过基础教育过滤 - 无标题...
2025-12-13 12:51:47,175 - INFO -   ✗ 过滤: 未通过基础教育过滤 - 无标题...
2025-12-13 12:51:49,309 - INFO -   ✗ 过滤: 未通过基础教育过滤 - 无标题...
2025-12-13 12:51:51,551 - INFO -   ✗ 过滤: 未通过基础教育过滤 - 无标题...
2025-12-13 12:51:53,579 - INFO -   ✗ 过滤: 未通过基础教育过滤 - 无标题...
2025-12-13 12:51:55,630 - INFO -   ✗ 过滤: 未通过基础教育过滤 - 无标题...
2025-12-13 12:51:57,660 - INFO -   ✗ 过滤: 未通过基础教育过滤 - 无标题...
2025-12-13 12:51:57,660 - WARNING - 列表页未获取到数据，启用 Bing 备用方案...
2025-12-13 12:51:57,660 - INFO - [Bing备用] 搜索关键词: 海马课堂论文
2025-12-13 12:51:59,465 - INFO - [Bing备用] 共找到 0 条结果
2025-12-13 12:52:02,452 - INFO - 搜索关键词: 海马课堂 退费
2025-12-13 12:52:03,822 - INFO - 当前页面 URL: https://www.xiaohongshu.com/search_result?keyword=%E6%B5%B7%E9%A9%AC%E8%AF%BE%E5%A0%82+%E9%80%80%E8%B4%B9&source=web_search_result_notes&type=51
2025-12-13 12:52:16,509 - WARNING - 列表页未获取到数据，启用 Bing 备用方案...
2025-12-13 12:52:16,510 - INFO - [Bing备用] 搜索关键词: 海马课堂 退费
2025-12-13 12:52:18,603 - INFO - [Bing备用] 共找到 0 条结果
2025-12-13 12:52:21,149 - INFO - 搜索关键词: 海马课堂 避雷
2025-12-13 12:52:22,718 - INFO - 当前页面 URL: https://www.xiaohongshu.com/search_result?keyword=%E6%B5%B7%E9%A9%AC%E8%AF%BE%E5%A0%82+%E9%81%BF%E9%9B%B7&source=web_search_result_notes&type=51
2025-12-13 12:52:32,121 - INFO -   ✗ 过滤: 未通过基础教育过滤 - 无标题...
2025-12-13 12:52:34,144 - INFO -   ✗ 过滤: 未通过基础教育过滤 - 无标题...
2025-12-13 12:52:36,170 - INFO -   ✗ 过滤: 未通过基础教育过滤 - 无标题...
2025-12-13 12:52:37,607 - WARNING - 列表页未获取到数据，启用 Bing 备用方案...
2025-12-13 12:52:37,607 - INFO - [Bing备用] 搜索关键词: 海马课堂 避雷
2025-12-13 12:52:39,441 - INFO - [Bing备用] 共找到 0 条结果
2025-12-13 12:52:43,633 - INFO - 小红书采集完成，共找到 0 条有效数据
2025-12-13 12:52:43,634 - INFO - ================================================================================
2025-12-13 12:52:43,634 - INFO - 第二阶段：搜狗微信采集
2025-12-13 12:52:43,634 - INFO - ================================================================================
2025-12-13 12:52:47,273 - INFO - 品牌: 路觅，使用 8 个组合关键词搜索
2025-12-13 12:52:47,273 - INFO - 搜索关键词: 路觅留学
2025-12-13 12:52:52,685 - INFO - 当前页面 URL: https://weixin.sogou.com/weixin?type=2&query=%E8%B7%AF%E8%A7%85%E7%95%99%E5%AD%A6
2025-12-13 12:52:54,714 - INFO - 页面中共找到 10 个 txt-box 元素
2025-12-13 12:52:54,725 - INFO -   ✓ 采集成功: 路觅教育获“最佳留学课业辅导机构” 殊荣...
2025-12-13 12:52:54,732 - INFO -   ✓ 采集成功: 关于路觅留学生课程辅导,你不能不知道的6件事...
2025-12-13 12:52:54,740 - INFO -   ✓ 采集成功: 路觅教育 | 致力于让每一位留学生都获得好成绩...
2025-12-13 12:52:54,748 - INFO -   ✓ 采集成功: 直播预告:AI 辅助学术写作的正确打开方式!更有专属写作资料免费领!...
2025-12-13 12:52:54,866 - INFO -   ✓ 采集成功: 远洋知觅(二)——东院留学生分享汇...
2025-12-13 12:52:57,533 - INFO - 搜索关键词: 路觅辅导
2025-12-13 12:53:03,582 - INFO - 当前页面 URL: https://weixin.sogou.com/weixin?type=2&query=%E8%B7%AF%E8%A7%85%E8%BE%85%E5%AF%BC
2025-12-13 12:53:05,612 - INFO - 页面中共找到 10 个 txt-box 元素
2025-12-13 12:53:05,618 - INFO -   ✓ 采集成功: 路觅教育获“最佳留学课业辅导机构” 殊荣...
2025-12-13 12:53:05,627 - INFO -   ✓ 采集成功: 路觅教育 | 致力于让每一位留学生都获得好成绩...
2025-12-13 12:53:05,634 - INFO -   ✓ 采集成功: 关于路觅留学生课程辅导,你不能不知道的6件事...
2025-12-13 12:53:05,641 - INFO -   ✓ 采集成功: 25级觅峰辅导班超详细介绍——上岸的最佳选择在这里!!!...
2025-12-13 12:53:05,647 - INFO -   ✗ 过滤: 全局黑名单: 中小学 - 觅心之旅 陌上花开 ——记青岛市中小学心理辅导体验式教学研讨会...
2025-12-13 12:53:08,140 - INFO - 搜索关键词: 路觅网课
2025-12-13 12:53:13,622 - INFO - 当前页面 URL: https://weixin.sogou.com/weixin?type=2&query=%E8%B7%AF%E8%A7%85%E7%BD%91%E8%AF%BE
2025-12-13 12:53:15,648 - INFO - 页面中共找到 10 个 txt-box 元素
2025-12-13 12:53:15,657 - INFO -   ✗ 过滤: 未命中教育场景词 - 路觅教研组:每一堂好课背后,都有一位好导师...
2025-12-13 12:53:15,663 - INFO -   ✓ 采集成功: 重磅官宣!路觅教育「AI课程报告」正式上线啦...
2025-12-13 12:53:15,670 - INFO -   ✗ 过滤: 未通过基础教育过滤 - 关于不法分子假冒路觅教育的严正声明...
2025-12-13 12:53:15,681 - INFO -   ✗ 过滤: 全局黑名单: 中小学 - 【寒假读书】“同读一本书,共觅书香路”——科右中旗教育事业发展中心组织开展全旗中小学教师寒假“共读一...
2025-12-13 12:53:15,689 - INFO -   ✗ 过滤: 未通过基础教育过滤 - 品名师之课,觅流水知“音”——黄龙县第二小学音乐教师参加“名师之路”第26届教学观摩研讨会...
2025-12-13 12:53:17,946 - INFO - 搜索关键词: 路觅作业辅导
2025-12-13 12:53:23,742 - INFO - 当前页面 URL: https://weixin.sogou.com/weixin?type=2&query=%E8%B7%AF%E8%A7%85%E4%BD%9C%E4%B8%9A%E8%BE%85%E5%AF%BC
2025-12-13 12:53:25,776 - INFO - 页面中共找到 10 个 txt-box 元素
2025-12-13 12:53:25,807 - INFO -   ✓ 采集成功: 原来大家都有“秘密武器”?!——揭秘留学生的顶级学业安全感来源...
2025-12-13 12:53:25,823 - INFO -   ✓ 采集成功: 【雪藻兰襟】诗词学院首届初级班第七课作业指导...
2025-12-13 12:53:25,839 - INFO -   ✓ 采集成功: 沙利文发布《中国海外大学课程辅导行业白皮书》...
2025-12-13 12:53:25,850 - INFO -   ✗ 过滤: 全局黑名单: 高中 - 学海无涯,高中起航觅新楫 书山有路,学法指导指迷津...
2025-12-13 12:53:25,860 - INFO -   ✗ 过滤: 全局黑名单: 小学 - 材料学院青岛实践队 | 探觅“桃花源”里的美丽徐村...
2025-12-13 12:53:28,728 - INFO - 搜索关键词: 路觅论文
2025-12-13 12:53:33,197 - INFO - 当前页面 URL: https://weixin.sogou.com/weixin?type=2&query=%E8%B7%AF%E8%A7%85%E8%AE%BA%E6%96%87
2025-12-13 12:53:35,219 - INFO - 页面中共找到 10 个 txt-box 元素
2025-12-13 12:53:35,230 - INFO -   ✗ 过滤: 全局黑名单: 初中 - 探寻论文写作范式 共觅专业发展之路...
2025-12-13 12:53:35,237 - INFO -   ✓ 采集成功: 路觅教育 | 致力于让每一位留学生都获得好成绩...
2025-12-13 12:53:35,245 - INFO -   ✓ 采集成功: 他好色,好酒,好钱,好爆粗口,好打架!你可能不知道他是谁,但知道后一定扑通就跪下了!今天不能不说说他...
2025-12-13 12:53:35,254 - INFO -   ✓ 采集成功: 直播预告:AI 辅助学术写作的正确打开方式!更有专属写作资料免费领!...
2025-12-13 12:53:35,265 - INFO -   ✓ 采集成功: 开学后才发现,在澳洲留学没提前预习的后果,竟然是……...
2025-12-13 12:53:37,273 - INFO - 搜索关键词: 路觅课程
2025-12-13 12:53:43,424 - INFO - 当前页面 URL: https://weixin.sogou.com/weixin?type=2&query=%E8%B7%AF%E8%A7%85%E8%AF%BE%E7%A8%8B
2025-12-13 12:53:45,448 - INFO - 页面中共找到 10 个 txt-box 元素
2025-12-13 12:53:45,455 - INFO -   ✓ 采集成功: 重磅官宣!路觅教育「AI课程报告」正式上线啦...
2025-12-13 12:53:45,462 - INFO -   ✓ 采集成功: 关于路觅留学生课程辅导,你不能不知道的6件事...
2025-12-13 12:53:45,468 - INFO -   ✗ 过滤: 未通过基础教育过滤 - 访学路上觅良方 精品课堂显真知...
2025-12-13 12:53:45,474 - INFO -   ✓ 采集成功: 【教师发展】采撷一路觅芬芳 共谱课改新篇章——温江区江安路学校《着力小组建设 助推“体验式”课堂》专...
2025-12-13 12:53:45,481 - INFO -   ✗ 过滤: 全局黑名单: 小学 - 【元师引领】寻课题融合之路 觅写作要素之径...
2025-12-13 12:53:48,411 - INFO - 搜索关键词: 路觅 挂科
2025-12-13 12:53:54,014 - INFO - 当前页面 URL: https://weixin.sogou.com/weixin?type=2&query=%E8%B7%AF%E8%A7%85%20%E6%8C%82%E7%A7%91
2025-12-13 12:53:56,031 - INFO - 页面中共找到 10 个 txt-box 元素
2025-12-13 12:53:56,040 - INFO -   ✓ 采集成功: 原来大家都有“秘密武器”?!——揭秘留学生的顶级学业安全感来源...
2025-12-13 12:53:56,046 - INFO -   ✗ 过滤: 未命中教育场景词 - 推广丨重要通知!KCL毕业危机再现,一批学生被卡在最后一步!...
2025-12-13 12:53:56,052 - INFO -   ✗ 过滤: 未命中教育场景词 - 学联推广|利兹大学补考挂科?你的选择不止重修或退学!...
2025-12-13 12:53:56,058 - INFO -   ✓ 采集成功: 【CSSA 推广】重要通知!伯大毕业危机再现,一批学生被卡在最后一步!...
2025-12-13 12:53:56,064 - INFO -   ✓ 采集成功: 沙利文发布《中国海外大学课程辅导行业白皮书》...
2025-12-13 12:53:58,421 - INFO - 搜索关键词: 路觅 GPA
2025-12-13 12:54:03,651 - INFO - 当前页面 URL: https://weixin.sogou.com/weixin?type=2&query=%E8%B7%AF%E8%A7%85%20GPA
2025-12-13 12:54:05,672 - INFO - 页面中共找到 10 个 txt-box 元素
2025-12-13 12:54:05,679 - INFO -   ✓ 采集成功: 寻寻觅觅樱花路——专访定向越野项目组长涂佳妮...
2025-12-13 12:54:05,686 - INFO -   ✓ 采集成功: 懒人留学生想拿GPA4.0,没点心机怎么行️...
2025-12-13 12:54:05,694 - INFO -   ✓ 采集成功: 原来大家都有“秘密武器”?!——揭秘留学生的顶级学业安全感来源...
2025-12-13 12:54:05,701 - INFO -   ✓ 采集成功: 直播预告!2025年英联邦研究生申请全攻略!手把手带你做好申请全程规划!...
2025-12-13 12:54:05,707 - INFO -   ✓ 采集成功: 10.23 国际教育快报 | AP报名开启、芝大ED0放榜、哈佛财政赤字、英国PSW签证缩短有效期....
2025-12-13 12:54:10,397 - INFO - 品牌: 考而思，使用 6 个组合关键词搜索
2025-12-13 12:54:10,398 - INFO - 搜索关键词: 考而思留学
2025-12-13 12:54:16,157 - INFO - 当前页面 URL: https://weixin.sogou.com/weixin?type=2&query=%E8%80%83%E8%80%8C%E6%80%9D%E7%95%99%E5%AD%A6
2025-12-13 12:54:18,170 - INFO - 页面中共找到 9 个 txt-box 元素
2025-12-13 12:54:18,178 - INFO -   ✓ 采集成功: 一站式留学生海外课程辅导中心「考而思教育」招聘...
2025-12-13 12:54:18,184 - INFO -   ✓ 采集成功: 重磅!2022年度考而思留学辅导独家报告!...
2025-12-13 12:54:18,190 - INFO -   ✓ 采集成功: 知识盲盒已就位,宝藏干货每日拆 | 考而思留学课堂...
2025-12-13 12:54:18,196 - INFO -   ✓ 采集成功: 考而思教育集团朱艳君,确定参加灯叔留学行业峰会-大湾区站...
2025-12-13 12:54:18,202 - INFO -   ✓ 采集成功: 第六届灯叔留学行业峰会圆满落幕:深耕国际教育,赋能行业成长...
2025-12-13 12:54:20,437 - INFO - 搜索关键词: 考而思辅导
2025-12-13 12:54:26,686 - INFO - 当前页面 URL: https://www.xiaohongshu.com/search_result?keyword=%E8%80%83%E8%80%8C%E6%80%9D%E8%BE%85%E5%AF%BC&source=web_search_result_notes&type=51
2025-12-13 12:54:33,720 - INFO - 页面中共找到 0 个 txt-box 元素
2025-12-13 12:54:38,732 - INFO - 使用部分匹配找到 0 个 txt-box 元素
2025-12-13 12:54:38,732 - WARNING - ⚠️ 警告：未找到 txt-box 元素
2025-12-13 12:54:38,984 - WARNING - 页面前500字符预览: <!DOCTYPE html><html><head><script formula-runtime="">function e(e){for(var r=1;r<arguments.length;r++){var t=null!=arguments[r]?arguments[r]:{},n=Object.keys(t);"function"==typeof Object.getOwnPropertySymbols&&(n=n.concat(Object.getOwnPropertySymbols(t).filter(function(e){return Object.getOwnPropertyDescriptor(t,e).enumerable}))),n.forEach(function(r){var n;n=t[r],r in e?Object.defineProperty(e,r,{value:n,enumerable:!0,configurable:!0,writable:!0}):e[r]=n})}return e}function r(e,r){return r=nul
2025-12-13 12:54:38,984 - WARNING - 未找到任何文章，跳过关键词: 考而思辅导
2025-12-13 12:54:38,984 - INFO - 搜索关键词: 考而思网课
2025-12-13 12:54:43,346 - INFO - 当前页面 URL: https://weixin.sogou.com/weixin?type=2&query=%E8%80%83%E8%80%8C%E6%80%9D%E7%BD%91%E8%AF%BE
2025-12-13 12:54:45,363 - INFO - 页面中共找到 10 个 txt-box 元素
2025-12-13 12:54:45,371 - INFO -   ✓ 采集成功: 考而思小课堂:教你如何进行SWOT分析...
2025-12-13 12:54:45,377 - INFO -   ✓ 采集成功: 一站式留学生海外课程辅导中心「考而思教育」招聘...
2025-12-13 12:54:45,383 - INFO -   ✗ 过滤: 全局黑名单: 班主任 - 考而析得失 明而思未来|我校期中考试分析主题班会示范课纪实...
2025-12-13 12:54:45,390 - INFO -   ✓ 采集成功: 考而思教育三重焕新升级,加倍助力中国留学生课业考提分...
2025-12-13 12:54:45,396 - INFO -   ✓ 采集成功: 季梁教苑||考而析得失,思而明未来——随州市季梁学校七八年级期中考试成绩分析会...
2025-12-13 12:54:47,987 - INFO - 搜索关键词: 考而思怎么样
2025-12-13 12:54:54,628 - INFO - 当前页面 URL: https://weixin.sogou.com/weixin?type=2&query=%E8%80%83%E8%80%8C%E6%80%9D%E6%80%8E%E4%B9%88%E6%A0%B7
2025-12-13 12:54:56,651 - INFO - 页面中共找到 10 个 txt-box 元素
2025-12-13 12:54:56,661 - INFO -   ✓ 采集成功: 考而思小课堂:教你如何进行SWOT分析...
2025-12-13 12:54:56,668 - INFO -   ✗ 过滤: 未通过基础教育过滤 - 【和谐经开 幸福博远 质量分析】考而思得失,析以明未来——博远学校初中部月考质量分析会...
2025-12-13 12:54:56,675 - INFO -   ✓ 采集成功: 我们考试是想办法怎样得高分, 而不是找很多理由证明自己不行....
2025-12-13 12:54:56,683 - INFO -   ✗ 过滤: 未命中教育场景词 - 宁采臣娶了聂小倩之后怎么样了?《聊斋志异》中让人细思极恐的细节······...
2025-12-13 12:54:56,692 - INFO -   ✗ 过滤: 未通过基础教育过滤 - 一位申论考生的反思:你研究怎么答题,而我研究怎么审题...
2025-12-13 12:54:59,025 - INFO - 搜索关键词: 考而思课程
2025-12-13 12:55:04,245 - INFO - 当前页面 URL: https://weixin.sogou.com/weixin?type=2&query=%E8%80%83%E8%80%8C%E6%80%9D%E8%AF%BE%E7%A8%8B
2025-12-13 12:55:06,269 - INFO - 页面中共找到 10 个 txt-box 元素
2025-12-13 12:55:06,275 - INFO -   ✗ 过滤: 未通过基础教育过滤 - 考而思教学软件图文指导学生版:下载、安装、注册、教室功能使用...
2025-12-13 12:55:06,281 - INFO -   ✗ 过滤: 未通过基础教育过滤 - 一站式留学生海外课程辅导中心「考而思教育」招聘...
2025-12-13 12:55:06,287 - INFO -   ✓ 采集成功: 澳洲的本科预科课程难不难?主要学什么?...
2025-12-13 12:55:06,293 - INFO -   ✓ 采集成功: 贝赛思难考吗?课程难度大吗?...
2025-12-13 12:55:06,299 - INFO -   ✗ 过滤: 未通过基础教育过滤 - 考而知得失,思而明未来——兰州二中高一年级教师会议...
2025-12-13 12:55:08,420 - INFO - 搜索关键词: 考而思 退费
2025-12-13 12:55:14,658 - INFO - 当前页面 URL: https://weixin.sogou.com/weixin?type=2&query=%E8%80%83%E8%80%8C%E6%80%9D%20%E9%80%80%E8%B4%B9
2025-12-13 12:55:16,678 - INFO - 页面中共找到 10 个 txt-box 元素
2025-12-13 12:55:16,686 - INFO -   ✓ 采集成功: 重磅!2022年度考而思留学辅导独家报告!...
2025-12-13 12:55:16,693 - INFO -   ✗ 过滤: 未通过基础教育过滤 - 考而有思 研而有得——衡水卓远中学召开高三、高一年级联考分析会...
2025-12-13 12:55:16,699 - INFO -   ✓ 采集成功: 聚师网、曼且思遭学员投诉“虚假宣传、退款难” 销售过度承诺,或违规...
2025-12-13 12:55:16,706 - INFO -   ✓ 采集成功: 最后几天,基金从业考过退费班,即将启动!...
2025-12-13 12:55:16,712 - INFO -   ✓ 采集成功: 准留学生们内心崩溃:雅思托福退费停考,所有的计划彻底被打乱了......
2025-12-13 12:55:19,878 - INFO - 品牌: 辅无忧，使用 5 个组合关键词搜索
2025-12-13 12:55:19,878 - INFO - 搜索关键词: 辅无忧留学
2025-12-13 12:55:25,726 - INFO - 当前页面 URL: https://weixin.sogou.com/weixin?type=2&query=%E8%BE%85%E6%97%A0%E5%BF%A7%E7%95%99%E5%AD%A6
2025-12-13 12:55:27,760 - INFO - 页面中共找到 10 个 txt-box 元素
2025-12-13 12:55:27,769 - INFO -   ✓ 采集成功: 【无忧留学专题】offer大满贯!GPA3.6,拿下UBC、圭尔夫多枚录取!...
2025-12-13 12:55:27,776 - INFO -   ✓ 采集成功: 放弃保研,喜提IC、埃默里和西北大学offer!无忧留学王老师带你get申请技巧!...
2025-12-13 12:55:27,782 - INFO -   ✓ 采集成功: 北京选择美国硕士留学中介,实地考察报告出炉!...
2025-12-13 12:55:27,790 - INFO -   ✓ 采集成功: 【招生简章】北京外国语大学网络教育学院英语国家硕士预科(商科方向)...
2025-12-13 12:55:27,797 - INFO -   ✓ 采集成功: 免预科,免考研,医学专业本硕连读项目,九月直升入学,境外全程学习和生活辅助,无忧留学...
2025-12-13 12:55:30,519 - INFO - 搜索关键词: 辅无忧辅导
2025-12-13 12:55:35,827 - INFO - 当前页面 URL: https://weixin.sogou.com/weixin?type=2&query=%E8%BE%85%E6%97%A0%E5%BF%A7%E8%BE%85%E5%AF%BC
2025-12-13 12:55:37,857 - INFO - 页面中共找到 10 个 txt-box 元素
2025-12-13 12:55:37,871 - INFO -   ✓ 采集成功: 【学在中南•辅学】物电学霸考前辅导,答疑解惑考试无忧...
2025-12-13 12:55:37,880 - INFO -   ✓ 采集成功: 【无忧教辅】教师学校承办“无忧教辅”课后辅导第一期培训...
2025-12-13 12:55:37,888 - INFO -   ✓ 采集成功: 第三届全国职业规划大赛华电校赛圆满落幕,菜鸟无忧助力学子逐梦远航...
2025-12-13 12:55:37,895 - INFO -   ✓ 采集成功: 昂立国际教育少儿托管班正式招生了!包吃包住包辅导课程,全程托管,家长无忧!...
2025-12-13 12:55:37,903 - INFO -   ✗ 过滤: 未通过基础教育过滤 - “认识情绪,成长无忧”心理健康团辅活动...
2025-12-13 12:55:40,351 - INFO - 搜索关键词: 辅无忧网课
2025-12-13 12:55:44,751 - INFO - 当前页面 URL: https://weixin.sogou.com/weixin?type=2&query=%E8%BE%85%E6%97%A0%E5%BF%A7%E7%BD%91%E8%AF%BE
2025-12-13 12:55:46,776 - INFO - 页面中共找到 10 个 txt-box 元素
2025-12-13 12:55:46,783 - INFO -   ✗ 过滤: 未通过基础教育过滤 - 贵州师范大学启动“爱在身边·全程无忧”在鄂学生深度帮扶计划...
2025-12-13 12:55:46,791 - INFO -   ✓ 采集成功: 网络战“疫” · 健康同行 | “云辅学”助你学习无忧!...
2025-12-13 12:55:46,798 - INFO -   ✗ 过滤: 未通过基础教育过滤 - 2020年瑞思家辅新势力丨Rise+——轻松家辅,课后无忧...
2025-12-13 12:55:46,809 - INFO -   ✗ 过滤: 未命中教育场景词 - 考辅培训|2020年中级会计各类考生怎样学?超实用备考策略快收藏!...
2025-12-13 12:55:46,819 - INFO -   ✗ 过滤: 未通过基础教育过滤 - 找对靠山,幸福永远:《药师七佛经》第2课...
2025-12-13 12:55:48,917 - INFO - 搜索关键词: 辅无忧怎么样
2025-12-13 12:55:54,254 - INFO - 当前页面 URL: https://weixin.sogou.com/weixin?type=2&query=%E8%BE%85%E6%97%A0%E5%BF%A7%E6%80%8E%E4%B9%88%E6%A0%B7
2025-12-13 12:55:56,287 - INFO - 页面中共找到 10 个 txt-box 元素
2025-12-13 12:55:56,296 - INFO -   ✗ 过滤: 未命中教育场景词 - 考辅培训|2020年中级会计各类考生怎样学?超实用备考策略快收藏!...
2025-12-13 12:55:56,306 - INFO -   ✓ 采集成功: 【无忧教辅】教师学校承办“无忧教辅”课后辅导第一期培训...
2025-12-13 12:55:56,313 - INFO -   ✗ 过滤: 全局黑名单: 初中 - 好书推荐| 京东“十本初中教辅让孩子成绩提升无忧”好物榜...
2025-12-13 12:55:56,323 - INFO -   ✗ 过滤: 未通过基础教育过滤 - 新学期!新教材!新教辅!丨名师在手,英语无忧...
2025-12-13 12:55:56,330 - INFO -   ✗ 过滤: 未通过基础教育过滤 - 好车无忧开出了第一家线下门店,能解决二手车C2C电商「效率」之痛吗?...
2025-12-13 12:55:59,122 - INFO - 搜索关键词: 辅无忧论文
2025-12-13 12:56:04,282 - INFO - 当前页面 URL: https://weixin.sogou.com/weixin?type=2&query=%E8%BE%85%E6%97%A0%E5%BF%A7%E8%AE%BA%E6%96%87
2025-12-13 12:56:06,311 - INFO - 页面中共找到 9 个 txt-box 元素
2025-12-13 12:56:06,319 - INFO -   ✓ 采集成功: 【成功发表】从零经验到SCI录用:得辅学术助力高职教师8个月实现发表突破...
2025-12-13 12:56:06,326 - INFO -   ✓ 采集成功: 站上巨人肩膀!斯坦福官方课程已上线得辅学术,点击即可免费获取...
2025-12-13 12:56:06,334 - INFO -   ✗ 过滤: 未通过基础教育过滤 - 「报告发布」《折页背后:国际教育市场乱象洞察》解读...
2025-12-13 12:56:06,342 - INFO -   ✓ 采集成功: 过了18年,这篇硕士论文终于出版了...
2025-12-13 12:56:06,350 - INFO -   ✓ 采集成功: 职业咨询 | 武汉理工大学“远航”职业发展咨询室的老师一直在这里等你!快来预约吧!...
2025-12-13 12:56:10,423 - INFO - 品牌: 万能班长，使用 4 个组合关键词搜索
2025-12-13 12:56:10,423 - INFO - 搜索关键词: 万能班长留学
2025-12-13 12:56:15,713 - INFO - 当前页面 URL: https://weixin.sogou.com/weixin?type=2&query=%E4%B8%87%E8%83%BD%E7%8F%AD%E9%95%BF%E7%95%99%E5%AD%A6
2025-12-13 12:56:17,729 - INFO - 页面中共找到 10 个 txt-box 元素
2025-12-13 12:56:17,737 - INFO -   ✓ 采集成功: 班长留学干货|澳英超实用APP清单...
2025-12-13 12:56:17,743 - INFO -   ✓ 采集成功: 因为留学,我两年未曾有过笑容,一年没有好好吃饭……...
2025-12-13 12:56:17,750 - INFO -   ✓ 采集成功: 多行业*14 | 诺华、麦当劳、联合利华、雀巢等实习帖...
2025-12-13 12:56:17,756 - INFO -   ✓ 采集成功: 你的18岁在兵荒马乱的留学生活中悄然度过,无人问津……...
2025-12-13 12:56:17,763 - INFO -   ✓ 采集成功: 留学新生如何避免“开局失利”?快来收下这份＂生存&学术＂攻略...
2025-12-13 12:56:20,113 - INFO - 搜索关键词: 万能班长辅导
2025-12-13 12:56:24,575 - INFO - 当前页面 URL: https://weixin.sogou.com/weixin?type=2&query=%E4%B8%87%E8%83%BD%E7%8F%AD%E9%95%BF%E8%BE%85%E5%AF%BC
2025-12-13 12:56:26,590 - INFO - 页面中共找到 10 个 txt-box 元素
2025-12-13 12:56:26,597 - INFO -   ✓ 采集成功: 大学班长,万能又尴尬的存在!未读 | 未来·电台...
2025-12-13 12:56:26,603 - INFO -   ✓ 采集成功: 大学班长,万能又尴尬的存在...
2025-12-13 12:56:26,609 - INFO -   ✓ 采集成功: 学习 | Dissertation进度告急,万能班长免费破冰课带你乘风破浪!...
2025-12-13 12:56:26,615 - INFO -   ✗ 过滤: 未命中教育场景词 - 【毕业生风采】产启东:“全能班长”养成记...
2025-12-13 12:56:26,621 - INFO -   ✓ 采集成功: 学校举办2019年班长三项全能大赛...
2025-12-13 12:56:28,883 - INFO - 搜索关键词: 万能班长网课
2025-12-13 12:56:33,861 - INFO - 当前页面 URL: https://www.xiaohongshu.com/search_result?keyword=%E8%80%83%E8%80%8C%E6%80%9D%E6%80%8E%E4%B9%88%E6%A0%B7&source=web_search_result_notes&type=51
2025-12-13 12:56:40,867 - INFO - 页面中共找到 0 个 txt-box 元素
2025-12-13 12:56:45,873 - INFO - 使用部分匹配找到 0 个 txt-box 元素
2025-12-13 12:56:45,873 - WARNING - ⚠️ 警告：未找到 txt-box 元素
2025-12-13 12:56:46,141 - WARNING - 页面前500字符预览: <!DOCTYPE html><html><head><script formula-runtime="">function e(e){for(var r=1;r<arguments.length;r++){var t=null!=arguments[r]?arguments[r]:{},n=Object.keys(t);"function"==typeof Object.getOwnPropertySymbols&&(n=n.concat(Object.getOwnPropertySymbols(t).filter(function(e){return Object.getOwnPropertyDescriptor(t,e).enumerable}))),n.forEach(function(r){var n;n=t[r],r in e?Object.defineProperty(e,r,{value:n,enumerable:!0,configurable:!0,writable:!0}):e[r]=n})}return e}function r(e,r){return r=nul
2025-12-13 12:56:46,141 - WARNING - 未找到任何文章，跳过关键词: 万能班长网课
2025-12-13 12:56:46,141 - INFO - 搜索关键词: 万能班长怎么样
2025-12-13 12:56:51,544 - INFO - 当前页面 URL: https://weixin.sogou.com/weixin?type=2&query=%E4%B8%87%E8%83%BD%E7%8F%AD%E9%95%BF%E6%80%8E%E4%B9%88%E6%A0%B7
2025-12-13 12:56:53,569 - INFO - 页面中共找到 10 个 txt-box 元素
2025-12-13 12:56:53,577 - INFO -   ✗ 过滤: 未通过基础教育过滤 - 榜样 | “全能班长”老兵李章全是如何炼成的?...
2025-12-13 12:56:53,585 - INFO -   ✗ 过滤: 未命中教育场景词 - 搞得好学习,当得了班长,还是万国击剑亚军,七年级的她为何如此“全能”?...
2025-12-13 12:56:53,594 - INFO -   ✗ 过滤: 未通过基础教育过滤 - 衡师达人SHOW丨蒋翔宇:全能班长炼成记...
2025-12-13 12:56:53,601 - INFO -   ✓ 采集成功: 大学里,班长是一种怎样神奇的存在?...
2025-12-13 12:56:53,607 - INFO -   ✗ 过滤: 未命中教育场景词 - 陕西工人报 | 陕北矿业涌鑫公司:“全能班长”李俊西...
2025-12-13 12:56:58,038 - INFO - 品牌: 红领巾，使用 4 个组合关键词搜索
2025-12-13 12:56:58,038 - INFO - 搜索关键词: 红领巾留学
2025-12-13 12:57:05,171 - INFO - 当前页面 URL: https://www.xiaohongshu.com/search_result?keyword=%E8%80%83%E8%80%8C%E6%80%9D%E8%AF%BE%E7%A8%8B&source=web_search_result_notes&type=51
2025-12-13 12:57:12,191 - INFO - 页面中共找到 0 个 txt-box 元素
2025-12-13 12:57:17,202 - INFO - 使用部分匹配找到 0 个 txt-box 元素
2025-12-13 12:57:17,202 - WARNING - ⚠️ 警告：未找到 txt-box 元素
2025-12-13 12:57:17,464 - WARNING - 页面前500字符预览: <!DOCTYPE html><html><head><script formula-runtime="">function e(e){for(var r=1;r<arguments.length;r++){var t=null!=arguments[r]?arguments[r]:{},n=Object.keys(t);"function"==typeof Object.getOwnPropertySymbols&&(n=n.concat(Object.getOwnPropertySymbols(t).filter(function(e){return Object.getOwnPropertyDescriptor(t,e).enumerable}))),n.forEach(function(r){var n;n=t[r],r in e?Object.defineProperty(e,r,{value:n,enumerable:!0,configurable:!0,writable:!0}):e[r]=n})}return e}function r(e,r){return r=nul
2025-12-13 12:57:17,464 - WARNING - 未找到任何文章，跳过关键词: 红领巾留学
2025-12-13 12:57:17,464 - INFO - 搜索关键词: 红领巾辅导
2025-12-13 12:57:23,859 - INFO - 当前页面 URL: https://www.xiaohongshu.com/search_result?keyword=%E8%80%83%E8%80%8C%E6%80%9D+%E9%80%80%E8%B4%B9&source=web_search_result_notes&type=51
2025-12-13 12:57:30,878 - INFO - 页面中共找到 0 个 txt-box 元素
2025-12-13 12:57:35,878 - INFO - 使用部分匹配找到 0 个 txt-box 元素
2025-12-13 12:57:35,879 - WARNING - ⚠️ 警告：未找到 txt-box 元素
2025-12-13 12:57:36,125 - WARNING - 页面前500字符预览: <!DOCTYPE html><html><head><script formula-runtime="">function e(e){for(var r=1;r<arguments.length;r++){var t=null!=arguments[r]?arguments[r]:{},n=Object.keys(t);"function"==typeof Object.getOwnPropertySymbols&&(n=n.concat(Object.getOwnPropertySymbols(t).filter(function(e){return Object.getOwnPropertyDescriptor(t,e).enumerable}))),n.forEach(function(r){var n;n=t[r],r in e?Object.defineProperty(e,r,{value:n,enumerable:!0,configurable:!0,writable:!0}):e[r]=n})}return e}function r(e,r){return r=nul
2025-12-13 12:57:36,125 - WARNING - 未找到任何文章，跳过关键词: 红领巾辅导
2025-12-13 12:57:36,125 - INFO - 搜索关键词: 红领巾网课
2025-12-13 12:57:40,615 - INFO - 当前页面 URL: https://weixin.sogou.com/weixin?type=2&query=%E7%BA%A2%E9%A2%86%E5%B7%BE%E7%BD%91%E8%AF%BE
2025-12-13 12:57:42,626 - INFO - 页面中共找到 8 个 txt-box 元素
2025-12-13 12:57:42,634 - INFO -   ✗ 过滤: 全局黑名单: 少先队 - @全体少先队员|红领巾爱学习网课来啦!...
2025-12-13 12:57:42,640 - INFO -   ✗ 过滤: 未通过基础教育过滤 - “红领巾爱学习” 网上主题队课开始啦!...
2025-12-13 12:57:42,647 - INFO -   ✗ 过滤: 全局黑名单: 少先队 - @少先队员 “红领巾爱学习” 网上主题队课来啦,赶紧进来学习吧~...
2025-12-13 12:57:42,653 - INFO -   ✗ 过滤: 未通过基础教育过滤 - @全体少先队员,“红领巾爱学习”网上主题队课正在进行中!快来一起学习吧!...
2025-12-13 12:57:42,660 - INFO -   ✗ 过滤: 未通过基础教育过滤 - “红领巾爱学习”网上主题队课学习指南来喽!...
2025-12-13 12:57:45,149 - INFO - 搜索关键词: 红领巾怎么样
2025-12-13 12:57:50,874 - INFO - 当前页面 URL: https://weixin.sogou.com/weixin?type=2&query=%E7%BA%A2%E9%A2%86%E5%B7%BE%E6%80%8E%E4%B9%88%E6%A0%B7
2025-12-13 12:57:58,404 - INFO - 页面中共找到 0 个 txt-box 元素
2025-12-13 12:58:03,407 - INFO - 使用部分匹配找到 0 个 txt-box 元素
2025-12-13 12:58:03,407 - WARNING - ⚠️ 警告：未找到 txt-box 元素
2025-12-13 12:58:03,658 - WARNING - 页面前500字符预览: <!DOCTYPE html><html><head><script formula-runtime="">function e(e){for(var r=1;r<arguments.length;r++){var t=null!=arguments[r]?arguments[r]:{},n=Object.keys(t);"function"==typeof Object.getOwnPropertySymbols&&(n=n.concat(Object.getOwnPropertySymbols(t).filter(function(e){return Object.getOwnPropertyDescriptor(t,e).enumerable}))),n.forEach(function(r){var n;n=t[r],r in e?Object.defineProperty(e,r,{value:n,enumerable:!0,configurable:!0,writable:!0}):e[r]=n})}return e}function r(e,r){return r=nul
2025-12-13 12:58:03,660 - WARNING - 未找到任何文章，跳过关键词: 红领巾怎么样
2025-12-13 12:58:05,022 - INFO - 品牌: 海马课堂，使用 6 个组合关键词搜索
2025-12-13 12:58:05,022 - INFO - 搜索关键词: 海马课堂
2025-12-13 12:58:08,920 - INFO - 当前页面 URL: https://weixin.sogou.com/weixin?type=2&query=%E6%B5%B7%E9%A9%AC%E8%AF%BE%E5%A0%82
2025-12-13 12:58:10,966 - INFO - 页面中共找到 10 个 txt-box 元素
2025-12-13 12:58:10,975 - INFO -   ✓ 采集成功: 【CSSAUG合作】海马课堂 | GPA冲4.0+,是什么体验?...
2025-12-13 12:58:11,011 - INFO -   ✗ 过滤: 未命中教育场景词 - 【学联推广】海马课堂|官宣!关于LSE补考政策!...
2025-12-13 12:58:11,025 - INFO -   ✓ 采集成功: 【学联推广】海马课堂|官宣了!LSE期末考试成绩发布...
2025-12-13 12:58:11,035 - INFO -   ✗ 过滤: 未通过基础教育过滤 - 【UTSCCSSA x 海马课堂】全球TOP21,多大留学生笑不出来...
2025-12-13 12:58:11,042 - INFO -   ✗ 过滤: 未通过基础教育过滤 - 祝贺!海马课堂荣获“2020年度影响力国际教育大奖”...
2025-12-13 12:58:13,695 - INFO - 搜索关键词: 海马课堂怎么样
2025-12-13 12:58:18,881 - INFO - 当前页面 URL: https://www.xiaohongshu.com/search_result?keyword=%E8%BE%85%E6%97%A0%E5%BF%A7%E8%BE%85%E5%AF%BC&source=web_search_result_notes&type=51
2025-12-13 12:58:25,897 - INFO - 页面中共找到 0 个 txt-box 元素
2025-12-13 12:58:30,906 - INFO - 使用部分匹配找到 0 个 txt-box 元素
2025-12-13 12:58:30,907 - WARNING - ⚠️ 警告：未找到 txt-box 元素
2025-12-13 12:58:31,349 - WARNING - 页面前500字符预览: <!DOCTYPE html><html><head><script formula-runtime="">function e(e){for(var r=1;r<arguments.length;r++){var t=null!=arguments[r]?arguments[r]:{},n=Object.keys(t);"function"==typeof Object.getOwnPropertySymbols&&(n=n.concat(Object.getOwnPropertySymbols(t).filter(function(e){return Object.getOwnPropertyDescriptor(t,e).enumerable}))),n.forEach(function(r){var n;n=t[r],r in e?Object.defineProperty(e,r,{value:n,enumerable:!0,configurable:!0,writable:!0}):e[r]=n})}return e}function r(e,r){return r=nul
2025-12-13 12:58:31,349 - WARNING - 未找到任何文章，跳过关键词: 海马课堂怎么样
2025-12-13 12:58:31,349 - INFO - 搜索关键词: 海马课堂辅导
2025-12-13 12:58:38,632 - INFO - 当前页面 URL: https://weixin.sogou.com/weixin?type=2&query=%E6%B5%B7%E9%A9%AC%E8%AF%BE%E5%A0%82%E8%BE%85%E5%AF%BC
2025-12-13 12:58:40,657 - INFO - 页面中共找到 9 个 txt-box 元素
2025-12-13 12:58:40,667 - INFO -   ✓ 采集成功: 最新!已有大学关闭!留学生:“进退两难,学业问题谁来解决?” 海马课堂留学课业辅导专家Han老师为你...
2025-12-13 12:58:40,676 - INFO -   ✓ 采集成功: 【辅导推荐】在爱大按时毕业有多难?...
2025-12-13 12:58:40,687 - INFO -   ✓ 采集成功: 【学联推广】海马课堂|官宣!关于LSE补考政策!...
2025-12-13 12:58:40,695 - INFO -   ✗ 过滤: 未通过基础教育过滤 - 【辅导推荐】致全体爱丁堡大学新生和家长,恭喜!...
2025-12-13 12:58:40,701 - INFO -   ✗ 过滤: 未通过基础教育过滤 - YUCSSA&海马课堂 | 刚刚!100+约克留学生遭遇劝退警告...
2025-12-13 12:58:43,240 - INFO - 搜索关键词: 海马课堂论文
2025-12-13 12:58:49,745 - INFO - 当前页面 URL: https://weixin.sogou.com/weixin?type=2&query=%E6%B5%B7%E9%A9%AC%E8%AF%BE%E5%A0%82%E8%AE%BA%E6%96%87
2025-12-13 12:58:51,772 - INFO - 页面中共找到 9 个 txt-box 元素
2025-12-13 12:58:51,783 - INFO -   ✓ 采集成功: 官方发布!UAL毕业论文新规定...
2025-12-13 12:58:51,794 - INFO -   ✓ 采集成功: 英国留学生被论文支配的恐惧!...
2025-12-13 12:58:51,804 - INFO -   ✓ 采集成功: 纽卡斯尔留学生,论文压力到底有多大?...
2025-12-13 12:58:51,813 - INFO -   ✓ 采集成功: UoB研究生毕业论文出分,留学生注意!...
2025-12-13 12:58:51,821 - INFO -   ✓ 采集成功: 曼大毕业论文政策发布,影响到留学生毕业!...
2025-12-13 12:58:54,808 - INFO - 搜索关键词: 海马课堂 退费
2025-12-13 12:58:59,386 - INFO - 当前页面 URL: https://weixin.sogou.com/weixin?type=2&query=%E6%B5%B7%E9%A9%AC%E8%AF%BE%E5%A0%82%20%E9%80%80%E8%B4%B9
2025-12-13 12:59:01,409 - INFO - 页面中共找到 10 个 txt-box 元素
2025-12-13 12:59:01,419 - INFO -   ✓ 采集成功: 【学联推广】海马课堂|LSE开学后,留学生慌了...
2025-12-13 12:59:01,426 - INFO -   ✓ 采集成功: 在澳洲留学,毁了我的女儿...
2025-12-13 12:59:01,435 - INFO -   ✓ 采集成功: 【辅导推荐】最新评分标准!爱大这几个专业的同学注意了!...
2025-12-13 12:59:01,442 - INFO -   ✓ 采集成功: 10万留学生把UCL告上法庭?爱丁堡大学职工抵制评估期末成绩,数万留学生恐无法毕业!...
2025-12-13 12:59:01,451 - INFO -   ✓ 采集成功: 中华剧社推荐|速查!墨大留学生考前须知...
2025-12-13 12:59:04,352 - INFO - 搜索关键词: 海马课堂 避雷
2025-12-13 12:59:10,390 - INFO - 当前页面 URL: https://weixin.sogou.com/weixin?type=2&query=%E6%B5%B7%E9%A9%AC%E8%AF%BE%E5%A0%82%20%E9%81%BF%E9%9B%B7
2025-12-13 12:59:12,415 - INFO - 页面中共找到 10 个 txt-box 元素
2025-12-13 12:59:12,425 - INFO -   ✗ 过滤: 未命中教育场景词 - 玄武出汗、神灯不灭、海马吐雾、雷火炼殿,揭秘武当山!...
2025-12-13 12:59:12,438 - INFO -   ✓ 采集成功: 西浦新生最容易踩的坑,已经替你避雷了!...
2025-12-13 12:59:12,448 - INFO -   ✓ 采集成功: UNSW留学生:选课暂停!...
2025-12-13 12:59:12,457 - INFO -   ✓ 采集成功: 学联推广 |《USM 选课通知》,留学生速戳!...
2025-12-13 12:59:12,465 - INFO -   ✓ 采集成功: UNSW留学生注意!选课不当还会被开除?...
2025-12-13 12:59:16,108 - INFO - 搜狗微信采集完成，共找到 89 条有效数据
2025-12-13 12:59:16,126 - INFO - 原始数据已保存到: raw_data_classroom.csv (共 89 条，已过滤非教育内容)
2025-12-13 12:59:16,126 - INFO - ================================================================================
2025-12-13 12:59:16,126 - INFO - 第三阶段：阿里千问 (Qwen) 销冠分析
2025-12-13 12:59:16,126 - INFO - ================================================================================
2025-12-13 12:59:16,126 - WARNING - 数据量过大，截取前50条最重要的数据
2025-12-13 12:59:16,127 - WARNING - 格式化数据过长 (28017 字符)，截取前5000字符
2025-12-13 12:59:16,127 - INFO - 正在发送给 AI 的数据长度: 5011 字符
2025-12-13 12:59:16,127 - INFO - 数据统计：抖音 0 条（有效: 0），小红书 0 条（有效: 0），搜狗微信 89 条（有效: 89）
2025-12-13 12:59:16,127 - INFO - 收集到用户评论: 0 条
2025-12-13 12:59:16,127 - INFO - 调用阿里千问 (qwen-plus) API 生成报告...
2025-12-13 12:59:56,436 - INFO - 阿里千问 报告生成完成
2025-12-13 12:59:56,439 - INFO - 报告已保存到: Market_Radar_Classroom_2025-12-13.md
2025-12-13 12:59:56,439 - INFO - ================================================================================
2025-12-13 12:59:56,439 - INFO - 市场雷达日报生成完成
2025-12-13 12:59:56,439 - INFO - ================================================================================
[小红书列表页] 当前页面 URL: https://www.xiaohongshu.com/search_result?keyword=%E8%BE%85%E6%97%A0%E5%BF%A7%E8%AE%BA%E6%96%87&source=web_search_result_notes&type=51
[小红书列表页] Smart Wait: 等待笔记卡片加载...
  [小红书列表页] ✓ 找到 18 个笔记卡片（使用: css:[class*="note"]）
[小红书列表页] 开始滚动加载（3 次）...
  [小红书列表页] 滚动 1/3 完成
  [小红书列表页] 滚动 2/3 完成
  [小红书列表页] 滚动 3/3 完成
[小红书列表页] 开始提取列表页数据...
[小红书列表页] 找到 18 个笔记卡片，开始提取...
[小红书列表页] ✗ 过滤: 未通过基础教育过滤 - 无标题...
[小红书列表页] ✗ 过滤: 未通过基础教育过滤 - 无标题...
[小红书列表页] ✗ 过滤: 未通过基础教育过滤 - 无标题...
[小红书列表页] ✗ 过滤: 未通过基础教育过滤 - 无标题...
[小红书列表页] ✗ 过滤: 未通过基础教育过滤 - 无标题...
[小红书列表页] ✗ 过滤: 未通过基础教育过滤 - 无标题...
[小红书列表页] ✗ 过滤: 未通过基础教育过滤 - 无标题...
[小红书列表页] 列表页未获取到数据，启用 Bing 备用方案...
[小红书列表页] 搜索关键词: 万能班长留学
[小红书列表页] 当前页面 URL: https://www.xiaohongshu.com/search_result?keyword=%E4%B8%87%E8%83%BD%E7%8F%AD%E9%95%BF%E7%95%99%E5%AD%A6&source=web_search_result_notes&type=51
[小红书列表页] Smart Wait: 等待笔记卡片加载...
  [小红书列表页] ✓ 找到 34 个笔记卡片（使用: css:[class*="note"]）
[小红书列表页] 开始滚动加载（4 次）...
  [小红书列表页] 滚动 1/4 完成
  [小红书列表页] 滚动 2/4 完成
  [小红书列表页] 滚动 3/4 完成
  [小红书列表页] 滚动 4/4 完成
[小红书列表页] 开始提取列表页数据...
[小红书列表页] 找到 34 个笔记卡片，开始提取...
[小红书列表页] ✗ 过滤: 未通过基础教育过滤 - 无标题...
[小红书列表页] ✗ 过滤: 未通过基础教育过滤 - 无标题...
[小红书列表页] ✗ 过滤: 未通过基础教育过滤 - 无标题...
[小红书列表页] 列表页未获取到数据，启用 Bing 备用方案...
[小红书列表页] 搜索关键词: 万能班长辅导
[小红书列表页] 当前页面 URL: https://www.xiaohongshu.com/search_result?keyword=%E4%B8%87%E8%83%BD%E7%8F%AD%E9%95%BF%E8%BE%85%E5%AF%BC&source=web_search_result_notes&type=51
[小红书列表页] Smart Wait: 等待笔记卡片加载...
  [小红书列表页] ✓ 找到 34 个笔记卡片（使用: css:[class*="note"]）
[小红书列表页] 开始滚动加载（3 次）...
  [小红书列表页] 滚动 1/3 完成
  [小红书列表页] 滚动 2/3 完成
  [小红书列表页] 滚动 3/3 完成
[小红书列表页] 开始提取列表页数据...
[小红书列表页] 找到 34 个笔记卡片，开始提取...
[小红书列表页] ✗ 过滤: 未通过基础教育过滤 - 无标题...
[小红书列表页] ✗ 过滤: 未通过基础教育过滤 - 无标题...
[小红书列表页] ✗ 过滤: 未通过基础教育过滤 - 无标题...
[小红书列表页] ✗ 过滤: 未通过基础教育过滤 - 无标题...
[小红书列表页] ✗ 过滤: 未通过基础教育过滤 - 无标题...
[小红书列表页] ✗ 过滤: 未通过基础教育过滤 - 无标题...
[小红书列表页] 列表页未获取到数据，启用 Bing 备用方案...
[小红书列表页] 搜索关键词: 万能班长网课
[小红书列表页] 当前页面 URL: https://www.xiaohongshu.com/search_result?keyword=%E4%B8%87%E8%83%BD%E7%8F%AD%E9%95%BF%E7%BD%91%E8%AF%BE&source=web_search_result_notes&type=51
[小红书列表页] Smart Wait: 等待笔记卡片加载...
  [小红书列表页] ✓ 找到 34 个笔记卡片（使用: css:[class*="note"]）
[小红书列表页] 开始滚动加载（4 次）...
  [小红书列表页] 滚动 1/4 完成
  [小红书列表页] 滚动 2/4 完成
  [小红书列表页] 滚动 3/4 完成
  [小红书列表页] 滚动 4/4 完成
[小红书列表页] 开始提取列表页数据...
[小红书列表页] 找到 34 个笔记卡片，开始提取...
[小红书列表页] ✗ 过滤: 未通过基础教育过滤 - 无标题...
[小红书列表页] ✗ 过滤: 未通过基础教育过滤 - 无标题...
[小红书列表页] ✗ 过滤: 未通过基础教育过滤 - 无标题...
[小红书列表页] ✗ 过滤: 未通过基础教育过滤 - 无标题...
[小红书列表页] 列表页未获取到数据，启用 Bing 备用方案...
[小红书列表页] 搜索关键词: 万能班长怎么样
[小红书列表页] 当前页面 URL: https://www.xiaohongshu.com/search_result?keyword=%E4%B8%87%E8%83%BD%E7%8F%AD%E9%95%BF%E6%80%8E%E4%B9%88%E6%A0%B7&source=web_search_result_notes&type=51
[小红书列表页] Smart Wait: 等待笔记卡片加载...
  [小红书列表页] ✓ 找到 34 个笔记卡片（使用: css:[class*="note"]）
[小红书列表页] 开始滚动加载（4 次）...
  [小红书列表页] 滚动 1/4 完成
  [小红书列表页] 滚动 2/4 完成
  [小红书列表页] 滚动 3/4 完成
  [小红书列表页] 滚动 4/4 完成
[小红书列表页] 开始提取列表页数据...
[小红书列表页] 找到 34 个笔记卡片，开始提取...
[小红书列表页] ✗ 过滤: 未通过基础教育过滤 - 无标题...
[小红书列表页] ✗ 过滤: 未通过基础教育过滤 - 无标题...
[小红书列表页] ✗ 过滤: 未通过基础教育过滤 - 无标题...
[小红书列表页] ✗ 过滤: 未通过基础教育过滤 - 无标题...
[小红书列表页] ✗ 过滤: 未通过基础教育过滤 - 无标题...
[小红书列表页] ✗ 过滤: 未通过基础教育过滤 - 无标题...
[小红书列表页] 列表页未获取到数据，启用 Bing 备用方案...
[小红书列表页] 搜索关键词: 红领巾留学
[小红书列表页] 当前页面 URL: https://www.xiaohongshu.com/search_result?keyword=%E7%BA%A2%E9%A2%86%E5%B7%BE%E7%95%99%E5%AD%A6&source=web_search_result_notes&type=51
[小红书列表页] Smart Wait: 等待笔记卡片加载...
  [小红书列表页] ✓ 找到 34 个笔记卡片（使用: css:[class*="note"]）
[小红书列表页] 开始滚动加载（5 次）...
  [小红书列表页] 滚动 1/5 完成
  [小红书列表页] 滚动 2/5 完成
  [小红书列表页] 滚动 3/5 完成
  [小红书列表页] 滚动 4/5 完成
  [小红书列表页] 滚动 5/5 完成
[小红书列表页] 开始提取列表页数据...
[小红书列表页] 找到 34 个笔记卡片，开始提取...
[小红书列表页] ✗ 过滤: 未通过基础教育过滤 - 无标题...
[小红书列表页] ✗ 过滤: 未通过基础教育过滤 - 无标题...
[小红书列表页] ✗ 过滤: 未通过基础教育过滤 - 无标题...
[小红书列表页] 列表页未获取到数据，启用 Bing 备用方案...
[小红书列表页] 搜索关键词: 红领巾辅导
[小红书列表页] 当前页面 URL: https://www.xiaohongshu.com/search_result?keyword=%E7%BA%A2%E9%A2%86%E5%B7%BE%E8%BE%85%E5%AF%BC&source=web_search_result_notes&type=51
[小红书列表页] Smart Wait: 等待笔记卡片加载...
  [小红书列表页] ✓ 找到 34 个笔记卡片（使用: css:[class*="note"]）
[小红书列表页] 开始滚动加载（4 次）...
  [小红书列表页] 滚动 1/4 完成
  [小红书列表页] 滚动 2/4 完成
  [小红书列表页] 滚动 3/4 完成
  [小红书列表页] 滚动 4/4 完成
[小红书列表页] 开始提取列表页数据...
[小红书列表页] 找到 34 个笔记卡片，开始提取...
[小红书列表页] ✗ 过滤: 未通过基础教育过滤 - 无标题...
[小红书列表页] ✗ 过滤: 未通过基础教育过滤 - 无标题...
[小红书列表页] ✗ 过滤: 未通过基础教育过滤 - 无标题...
[小红书列表页] ✗ 过滤: 未通过基础教育过滤 - 无标题...
[小红书列表页] ✗ 过滤: 未通过基础教育过滤 - 无标题...
[小红书列表页] ✗ 过滤: 未通过基础教育过滤 - 无标题...
[小红书列表页] 列表页未获取到数据，启用 Bing 备用方案...
[小红书列表页] 搜索关键词: 红领巾网课
[小红书列表页] 当前页面 URL: https://www.xiaohongshu.com/search_result?keyword=%E7%BA%A2%E9%A2%86%E5%B7%BE%E7%BD%91%E8%AF%BE&source=web_search_result_notes&type=51
[小红书列表页] Smart Wait: 等待笔记卡片加载...
  [小红书列表页] ✓ 找到 34 个笔记卡片（使用: css:[class*="note"]）
[小红书列表页] 开始滚动加载（3 次）...
  [小红书列表页] 滚动 1/3 完成
  [小红书列表页] 滚动 2/3 完成
  [小红书列表页] 滚动 3/3 完成
[小红书列表页] 开始提取列表页数据...
[小红书列表页] 找到 34 个笔记卡片，开始提取...
[小红书列表页] ✗ 过滤: 未通过基础教育过滤 - 无标题...
[小红书列表页] ✗ 过滤: 未通过基础教育过滤 - 无标题...
[小红书列表页] ✗ 过滤: 未通过基础教育过滤 - 无标题...
[小红书列表页] ✗ 过滤: 未通过基础教育过滤 - 无标题...
[小红书列表页] ✗ 过滤: 未通过基础教育过滤 - 无标题...
[小红书列表页] ✗ 过滤: 未通过基础教育过滤 - 无标题...
[小红书列表页] 列表页未获取到数据，启用 Bing 备用方案...
[小红书列表页] 搜索关键词: 红领巾怎么样
[小红书列表页] 当前页面 URL: https://www.xiaohongshu.com/search_result?keyword=%E7%BA%A2%E9%A2%86%E5%B7%BE%E6%80%8E%E4%B9%88%E6%A0%B7&source=web_search_result_notes&type=51
[小红书列表页] Smart Wait: 等待笔记卡片加载...
  [小红书列表页] ✓ 找到 34 个笔记卡片（使用: css:[class*="note"]）
[小红书列表页] 开始滚动加载（4 次）...
  [小红书列表页] 滚动 1/4 完成
  [小红书列表页] 滚动 2/4 完成
  [小红书列表页] 滚动 3/4 完成
  [小红书列表页] 滚动 4/4 完成
[小红书列表页] 开始提取列表页数据...
[小红书列表页] 找到 34 个笔记卡片，开始提取...
[小红书列表页] ✗ 过滤: 未通过基础教育过滤 - 无标题...
[小红书列表页] ✗ 过滤: 未通过基础教育过滤 - 无标题...
[小红书列表页] ✗ 过滤: 未通过基础教育过滤 - 无标题...
[小红书列表页] ✗ 过滤: 未通过基础教育过滤 - 无标题...
[小红书列表页] ✗ 过滤: 未通过基础教育过滤 - 无标题...
[小红书列表页] ✗ 过滤: 未通过基础教育过滤 - 无标题...
[小红书列表页] 列表页未获取到数据，启用 Bing 备用方案...
[小红书列表页] 搜索关键词: 海马课堂
[小红书列表页] 当前页面 URL: https://www.xiaohongshu.com/search_result?keyword=%E8%B7%AF%E8%A7%85%E4%BD%9C%E4%B8%9A%E8%BE%85%E5%AF%BC&source=web_search_result_notes&type=51
[小红书列表页] Smart Wait: 等待笔记卡片加载...
  [小红书列表页] ✓ 找到 34 个笔记卡片（使用: css:[class*="note"]）
[小红书列表页] 开始滚动加载（4 次）...
  [小红书列表页] 滚动 1/4 完成
  [小红书列表页] 滚动 2/4 完成
  [小红书列表页] 滚动 3/4 完成
  [小红书列表页] 滚动 4/4 完成
[小红书列表页] 开始提取列表页数据...
[小红书列表页] 找到 34 个笔记卡片，开始提取...
[小红书列表页] ✗ 过滤: 未通过基础教育过滤 - 无标题...
[小红书列表页] ✗ 过滤: 未通过基础教育过滤 - 无标题...
[小红书列表页] ✗ 过滤: 未通过基础教育过滤 - 无标题...
[小红书列表页] ✗ 过滤: 未通过基础教育过滤 - 无标题...
[小红书列表页] ✗ 过滤: 未通过基础教育过滤 - 无标题...
[小红书列表页] ✗ 过滤: 未通过基础教育过滤 - 无标题...
[小红书列表页] 列表页未获取到数据，启用 Bing 备用方案...
[小红书列表页] 搜索关键词: 海马课堂怎么样
[小红书列表页] 当前页面 URL: https://www.xiaohongshu.com/search_result?keyword=%E6%B5%B7%E9%A9%AC%E8%AF%BE%E5%A0%82%E6%80%8E%E4%B9%88%E6%A0%B7&source=web_search_result_notes&type=51
[小红书列表页] Smart Wait: 等待笔记卡片加载...
  [小红书列表页] ✓ 找到 34 个笔记卡片（使用: css:[class*="note"]）
[小红书列表页] 开始滚动加载（4 次）...
  [小红书列表页] 滚动 1/4 完成
  [小红书列表页] 滚动 2/4 完成
  [小红书列表页] 滚动 3/4 完成
  [小红书列表页] 滚动 4/4 完成
[小红书列表页] 开始提取列表页数据...
[小红书列表页] 找到 34 个笔记卡片，开始提取...
[小红书列表页] ✗ 过滤: 未通过基础教育过滤 - 无标题...
[小红书列表页] ✗ 过滤: 未通过基础教育过滤 - 无标题...
[小红书列表页] ✗ 过滤: 未通过基础教育过滤 - 无标题...
[小红书列表页] ✗ 过滤: 未通过基础教育过滤 - 无标题...
[小红书列表页] ✗ 过滤: 未通过基础教育过滤 - 无标题...
[小红书列表页] ✗ 过滤: 未通过基础教育过滤 - 无标题...
[小红书列表页] 列表页未获取到数据，启用 Bing 备用方案...
[小红书列表页] 搜索关键词: 海马课堂辅导
[小红书列表页] 当前页面 URL: https://www.xiaohongshu.com/search_result?keyword=%E6%B5%B7%E9%A9%AC%E8%AF%BE%E5%A0%82%E8%BE%85%E5%AF%BC&source=web_search_result_notes&type=51
[小红书列表页] Smart Wait: 等待笔记卡片加载...
  [小红书列表页] ✓ 找到 34 个笔记卡片（使用: css:[class*="note"]）
[小红书列表页] 开始滚动加载（3 次）...
  [小红书列表页] 滚动 1/3 完成
  [小红书列表页] 滚动 2/3 完成
  [小红书列表页] 滚动 3/3 完成
[小红书列表页] 开始提取列表页数据...
[小红书列表页] 找到 34 个笔记卡片，开始提取...
[小红书列表页] ✗ 过滤: 未通过基础教育过滤 - 无标题...
[小红书列表页] ✗ 过滤: 未通过基础教育过滤 - 无标题...
[小红书列表页] ✗ 过滤: 未通过基础教育过滤 - 无标题...
[小红书列表页] ✗ 过滤: 未通过基础教育过滤 - 无标题...
[小红书列表页] ✗ 过滤: 未通过基础教育过滤 - 无标题...
[小红书列表页] ✗ 过滤: 未通过基础教育过滤 - 无标题...
[小红书列表页] 列表页未获取到数据，启用 Bing 备用方案...
[小红书列表页] 搜索关键词: 海马课堂论文
[小红书列表页] 当前页面 URL: https://www.xiaohongshu.com/search_result?keyword=%E8%B7%AF%E8%A7%85+%E6%8C%82%E7%A7%91&source=web_search_result_notes&type=51
[小红书列表页] Smart Wait: 等待笔记卡片加载...
  [小红书列表页] ✓ 找到 18 个笔记卡片（使用: css:[class*="note"]）
[小红书列表页] 开始滚动加载（5 次）...
  [小红书列表页] 滚动 1/5 完成
  [小红书列表页] 滚动 2/5 完成
  [小红书列表页] 滚动 3/5 完成
  [小红书列表页] 滚动 4/5 完成
  [小红书列表页] 滚动 5/5 完成
[小红书列表页] 开始提取列表页数据...
[小红书列表页] 找到 18 个笔记卡片，开始提取...
[小红书列表页] ✗ 过滤: 未通过基础教育过滤 - 无标题...
[小红书列表页] ✗ 过滤: 未通过基础教育过滤 - 无标题...
[小红书列表页] ✗ 过滤: 未通过基础教育过滤 - 无标题...
[小红书列表页] ✗ 过滤: 未通过基础教育过滤 - 无标题...
[小红书列表页] ✗ 过滤: 未通过基础教育过滤 - 无标题...
[小红书列表页] ✗ 过滤: 未通过基础教育过滤 - 无标题...
[小红书列表页] ✗ 过滤: 未通过基础教育过滤 - 无标题...
[小红书列表页] ✗ 过滤: 未通过基础教育过滤 - 无标题...
[小红书列表页] ✗ 过滤: 未通过基础教育过滤 - 无标题...
[小红书列表页] ✗ 过滤: 未通过基础教育过滤 - 无标题...
[小红书列表页] 列表页未获取到数据，启用 Bing 备用方案...
[小红书列表页] 搜索关键词: 海马课堂 退费
[小红书列表页] 当前页面 URL: https://www.xiaohongshu.com/search_result?keyword=%E6%B5%B7%E9%A9%AC%E8%AF%BE%E5%A0%82+%E9%80%80%E8%B4%B9&source=web_search_result_notes&type=51
[小红书列表页] Smart Wait: 等待笔记卡片加载...
  [小红书列表页] ✓ 找到 34 个笔记卡片（使用: css:[class*="note"]）
2025-12-13 12:59:56,464 - INFO - 测试模式：消息已打印到控制台，未发送到钉钉
2025-12-13 12:59:56,464 - INFO - 浏览器保持打开状态，请手动关闭
[小红书列表页] 开始滚动加载（5 次）...
  [小红书列表页] 滚动 1/5 完成
  [小红书列表页] 滚动 2/5 完成
  [小红书列表页] 滚动 3/5 完成
  [小红书列表页] 滚动 4/5 完成
  [小红书列表页] 滚动 5/5 完成
[小红书列表页] 开始提取列表页数据...
[小红书列表页] 找到 34 个笔记卡片，开始提取...
[小红书列表页] 列表页未获取到数据，启用 Bing 备用方案...
[小红书列表页] 搜索关键词: 海马课堂 避雷
[小红书列表页] 当前页面 URL: https://www.xiaohongshu.com/search_result?keyword=%E6%B5%B7%E9%A9%AC%E8%AF%BE%E5%A0%82+%E9%81%BF%E9%9B%B7&source=web_search_result_notes&type=51
[小红书列表页] Smart Wait: 等待笔记卡片加载...
  [小红书列表页] ✓ 找到 34 个笔记卡片（使用: css:[class*="note"]）
[小红书列表页] 开始滚动加载（3 次）...
  [小红书列表页] 滚动 1/3 完成
  [小红书列表页] 滚动 2/3 完成
  [小红书列表页] 滚动 3/3 完成
[小红书列表页] 开始提取列表页数据...
[小红书列表页] 找到 34 个笔记卡片，开始提取...
[小红书列表页] ✗ 过滤: 未通过基础教育过滤 - 无标题...
[小红书列表页] ✗ 过滤: 未通过基础教育过滤 - 无标题...
[小红书列表页] ✗ 过滤: 未通过基础教育过滤 - 无标题...
[小红书列表页] 列表页未获取到数据，启用 Bing 备用方案...
[小红书列表页] 采集完成，共找到 0 条有效数据

✅ 采集完成！
📊 数据统计：抖音 0 条，小红书 0 条，搜狗微信 89 条
📄 原始数据：raw_data_classroom.csv
📋 分析报告：Market_Radar_Classroom_2025-12-13.md

================================================================================
【测试模式】完整钉钉消息内容（带所有原文链接）
================================================================================
# 海马课堂·市场雷达日报

**生成时间**: 2025-12-13

---

# 《全网市场雷达日报》  
**日期：2025年4月5日**  
**数据来源平台：🟢 搜狗微信（教育场景过滤后）**  
**采集周期：近3天**

---

## ⚔️ 竞品动作监测 (Competitor Moves)

> **注：本次数据仅来自搜狗微信，未覆盖抖音、小红书等平台。互动数据（点赞/评论）在当前抓取中不可见，暂无法标注。**

- [🟢 搜狗微信] 考而思：发布“基金从业考过退费班”营销活动，主打“全网唯一一家考过退费”，限50人，强调“免费带你一考而过”。  
  🔗 原文链接：https://weixin.sogou.com/link?url=dn9a_-gY295K0Rci_xozVXfdMkSQTLW6cwJThYulHEtVjXrGTiVgSziln4oLtJd_58PDelwLu5cnWnzBnTuUQ1qXa8Fplpd94cBQ7T7t59H1aqf2u0ebSI2WcJh_Sa8IoVVwDG-LCZu09zgoZPisVpyrqUQ8cHQZ9Ao53XqHsfXnOEkNqyF0FpAa5r6KMcF1yQCnD2fD8Y0FxQxptPnMq4BQshb-cBpdq0_G27lYPjYrVYXatNBDic2RgvkCQZ8SX2y9td6Zj8ZOJBjQH7pCxQ..

- [🟢 搜狗微信] 考而思：被曝存在“虚假宣传、退款难”问题，学员投诉其销售过度承诺，且拒绝退费，课程老师明确回复“暂不支持退费”。  
  🔗 原文链接：https://weixin.sogou.com/link?url=dn9a_-gY295K0Rci_xozVXfdMkSQTLW6cwJThYulHEtVjXrGTiVgSziln4oLtJd_58PDelwLu5cnWnzBnTuUQ1qXa8Fplpd9mHVuJN-Z4frR1MdwUYyo3rI5qICK1v3p8BrnCypqzn4iU0iRdokVPEjsRL5-L5QuCYQJ5Se1Vaq1bwmpVWAWUXeJ0FbW6SvZk2bGHa44Y34Q-G2e-xU-YHdD997dtRvfjASk9Cw8KsJPL7EsrANhwgwu-zpLNzasEp2U05qInnufxjh3za6jWA..

- [🟢 搜狗微信] 路觅：近3天无教育相关内容更新  
- [🟢 搜狗微信] 辅无忧：近3天无教育相关内容更新  
- [🟢 搜狗微信] 万能班长：近3天无教育相关内容更新  
- [🟢 搜狗微信] 红领巾：近3天无教育相关内容更新  

---

## 📢 用户舆情透视 (Voice of Customer)

**本次未采集到用户评论数据**

> 当前数据源为微信公众号文章，未包含公开评论区内容，无法提取用户原声。建议后续加强小红书、知乎、微博等UGC平台的舆情监控，以获取真实用户反馈。

### 舆情热词提炼：
- **退费难**
- **虚假宣传**
- **销售过度承诺**
- **考过退费**（作为营销话术高频出现）
- **暂停退费 / 拒绝退费**

---

## 🧭 我们的战略启示 (Strategic Insights)

1. **竞品“考过退费”营销与“退费难”负面并存 → 启示：我们应推出“可验证的退费保障机制”，而非仅作口号**  
   考而思一面高调宣传“考过退费”吸引流量，另一面却被曝“暂不支持退费”，暴露出信任危机。这说明用户对“退费”极度敏感且缺乏信任。海马课堂应在产品设计中嵌入**第三方资金监管+自动触发式退费规则**（如成绩未达标系统自动启动流程），并通过短视频/直播演示全过程，建立“真退费”品牌认知壁垒。

2. **“销售过度承诺”成行业通病 → 启示：推行“顾问责任制+服务承诺白皮书”，切割销售与交付责任链**  
   多篇报道指向机构销售人员为成单夸大效果，最终由教学端背锅。海马课堂可率先发布《学业辅导服务边界白皮书》，明确哪些承诺属于违规，并实行“顾问终身责任制”——若因顾问误导导致纠纷，其绩效与客户满意度长期绑定。此举可转化为品牌差异化信任资产。

3. **竞品利用“考试焦虑”密集推低价转化班 → 启示：反向打造“高门槛入学筛选机制”，强化专业形象**  
   考而思针对基金从业考试推出“最后几天”“仅限50人”等紧迫性营销，本质是低质量流量收割。海马课堂应反其道而行之，对部分高端项目设置**学术能力前置测评+目标分承诺制**，拒绝盲目接单，对外传递“我们只服务有准备的学生”的精英定位，拉升品牌溢价空间。

--- 

**报告生成说明**：本报告严格基于今日采集的搜狗微信教育类内容，未编造任何信息。由于缺乏小红书及评论数据，舆情部分受限。建议技术团队优先接入小红书API，捕获真实用户情绪。

---

## 📎 完整原文链接清单

### 搜狗微信平台

- **路觅** - 路觅教育获“最佳留学课业辅导机构” 殊荣  🔗 [查看原文](https://weixin.sogou.com/link?url=dn9a_-gY295K0Rci_xozVXfdMkSQTLW6cwJThYulHEtVjXrGTiVgSziln4oLtJd_VSN8txMmIqcnWnzBnTuUQ1qXa8Fplpd9PEbD1Ie_qqhXYpusSUG3z7xfQdb3Bh3XGGsiJMTvRJMXjABaTJdfW5TZkaM7jJLVU7aZFjSPVX_bQmgeZhcX3IJK9yJHV1EH9RQNssFpp6Si-lMbuBN01icn1q2DCzih8bQ2Mm0Ag_kGX3v6rvrXwLPB1cCVyi1t3Dnr8Tztjl_P28temKTOwg..&type=2&query=%E8%B7%AF%E8%A7%85%E7%95%99%E5%AD%A6&token=E155D65CC566EE462A2C6CE9F23761F12A2F0D38693CF11F)
- **路觅** - 关于路觅留学生课程辅导,你不能不知道的6件事  🔗 [查看原文](https://weixin.sogou.com/link?url=dn9a_-gY295K0Rci_xozVXfdMkSQTLW6cwJThYulHEtVjXrGTiVgSziln4oLtJd_VSN8txMmIqcnWnzBnTuUQ1qXa8Fplpd9PEbD1Ie_qqhXYpusSUG3z7xfQdb3Bh3XGGsiJMTvRJMXjABaTJdfWw4w-hk6Tge_qLP2iWYyzwdMKYJxrZ-9DKowvZgLkL1M6CoZ_vWL4l-l-EmeXDlvLo0SNLgcLCd5n6Qx5kytNDfKJTkYo03nksj21cZDbi4qmHaS9qx-tMnP28temKTOwg..&type=2&query=%E8%B7%AF%E8%A7%85%E7%95%99%E5%AD%A6&token=E155D65CC566EE462A2C6CE9F23761F12A2F0D38693CF11F)
- **路觅** - 路觅教育 | 致力于让每一位留学生都获得好成绩  🔗 [查看原文](https://weixin.sogou.com/link?url=dn9a_-gY295K0Rci_xozVXfdMkSQTLW6cwJThYulHEtVjXrGTiVgSziln4oLtJd_VSN8txMmIqcnWnzBnTuUQ1qXa8Fplpd9v_nlth45BdbGcjPE2ekU4nqLOtYQypJcZAU6roy2W_-6fKL3XLWST5XEn0ROHzz6OLkoVZ8JZzL1VrE4H3XhuUOaramU0a_oFLy5d6ZZiw-bWVmtkMHpEn3ipiwfMHCUK4_m2y6bQroJzZ7oAaA9gaSQrVgIYokzzWcxkDEnLPACn9lOoZLP2Q..&type=2&query=%E8%B7%AF%E8%A7%85%E7%95%99%E5%AD%A6&token=E155D65CC566EE462A2C6CE9F23761F12A2F0D38693CF11F)
- **路觅** - 直播预告:AI 辅助学术写作的正确打开方式!更有专属写作资料免费领!  🔗 [查看原文](https://weixin.sogou.com/link?url=dn9a_-gY295K0Rci_xozVXfdMkSQTLW6cwJThYulHEtVjXrGTiVgSziln4oLtJd_VSN8txMmIqcnWnzBnTuUQ1qXa8Fplpd9s39HQNib_ZE6aAtm-mcHQheX83suAvzSWD9LJ29Gz-OkU9S0AdUNDYwtEtmtLBasdh_osbyh0GbHaLptLRzyWxDwulHmn6AsrUwDAOD08snvGvb3HcaR_bcgrTUL037UO2wChKMU3RsHa-KxWAWS2PpUMnaiPiQdEWQ_GGmo7F45eBgmN3LoYQ..&type=2&query=%E8%B7%AF%E8%A7%85%E7%95%99%E5%AD%A6&token=E155D65CC566EE462A2C6CE9F23761F12A2F0D38693CF11F)
- **路觅** - 远洋知觅(二)——东院留学生分享汇  🔗 [查看原文](https://weixin.sogou.com/link?url=dn9a_-gY295K0Rci_xozVXfdMkSQTLW6cwJThYulHEtVjXrGTiVgSziln4oLtJd_VSN8txMmIqcnWnzBnTuUQ1qXa8Fplpd9gDrF0JWxh1pVZ-TEPcAUYaZ52VaP33NCz3d8doU6rHeNLKYic-MMxe_EN320DTATrjjeiOjnvmbSVV8QAV33LmvUWYKH39-NUPqpN-mEA5mtluxwBnSfYN_8D_awpdhtvkeb2GEY1-ej1qeqnWI2_lMFTG-JBnhkKVFCVCXMRPRhWLv6O878UA..&type=2&query=%E8%B7%AF%E8%A7%85%E7%95%99%E5%AD%A6&token=E155D65CC566EE462A2C6CE9F23761F12A2F0D38693CF11F)
- **路觅** - 路觅教育获“最佳留学课业辅导机构” 殊荣  🔗 [查看原文](https://weixin.sogou.com/link?url=dn9a_-gY295K0Rci_xozVXfdMkSQTLW6cwJThYulHEtVjXrGTiVgSziln4oLtJd_lBaQF6RLni0nWnzBnTuUQ1qXa8Fplpd9PEbD1Ie_qqhXYpusSUG3z7xfQdb3Bh3XGGsiJMTvRJMXjABaTJdfW5TZkaM7jJLVU7aZFjSPVX_bQmgeZhcX3L7GPaEYyrRS_iB6DvV2gT8gfDtlgZlgLa8QvGRagvA_MxADYSc6XHH0II6RcXgNhrzUonay72V9meGdQEgRLXNe0WC6Sbi7DA..&type=2&query=%E8%B7%AF%E8%A7%85%E8%BE%85%E5%AF%BC&token=E1560654C566EE462A2C6CE9F23761F12A2F0D38693CF12A)
- **路觅** - 路觅教育 | 致力于让每一位留学生都获得好成绩  🔗 [查看原文](https://weixin.sogou.com/link?url=dn9a_-gY295K0Rci_xozVXfdMkSQTLW6cwJThYulHEtVjXrGTiVgSziln4oLtJd_lBaQF6RLni0nWnzBnTuUQ1qXa8Fplpd9v_nlth45BdbGcjPE2ekU4nqLOtYQypJcZAU6roy2W_-6fKL3XLWST5XEn0ROHzz6OLkoVZ8JZzL1VrE4H3XhuVkNxebqb0KvMvuhNCpcy_vWgCcvzzUiEr1c7B63nE5p_UbAtEB9vqWoLBKUPW0YCTfPP__jWthjSX9hH3xNmPgO8fIRwtipOg..&type=2&query=%E8%B7%AF%E8%A7%85%E8%BE%85%E5%AF%BC&token=E1560654C566EE462A2C6CE9F23761F12A2F0D38693CF12A)
- **路觅** - 关于路觅留学生课程辅导,你不能不知道的6件事  🔗 [查看原文](https://weixin.sogou.com/link?url=dn9a_-gY295K0Rci_xozVXfdMkSQTLW6cwJThYulHEtVjXrGTiVgSziln4oLtJd_lBaQF6RLni0nWnzBnTuUQ1qXa8Fplpd9PEbD1Ie_qqhXYpusSUG3z7xfQdb3Bh3XGGsiJMTvRJMXjABaTJdfWw4w-hk6Tge_qLP2iWYyzwdMKYJxrZ-9DAyIh0i2ycktkrMfw7yBY5L6TpbRKruuX9XIn8hZsuWmB6qXgT-1Gk5SqUVBfaIz4JKg3LU3IZphH_SB1EdXr0FOJBjQH7pCxQ..&type=2&query=%E8%B7%AF%E8%A7%85%E8%BE%85%E5%AF%BC&token=E1560654C566EE462A2C6CE9F23761F12A2F0D38693CF12A)
- **路觅** - 25级觅峰辅导班超详细介绍——上岸的最佳选择在这里!!!  🔗 [查看原文](https://weixin.sogou.com/link?url=dn9a_-gY295K0Rci_xozVXfdMkSQTLW6cwJThYulHEtVjXrGTiVgSziln4oLtJd_lBaQF6RLni0nWnzBnTuUQ1qXa8Fplpd9MGTIBP-Z5YtswzVI3uYqMTs18RpDIdNUMwFK7dUbvD-jvr01lfL7OzJQXnu7LmbP-SGlG8Ltks2bVw-_3BfQrHB7yXv6bXGA5sY5nVAn803ulxyXcR6biIh_4zoyrwYBbmvOPRMTWHb612nTUw98ymwyB6oSfPDVDUxvG-hFihIHpHkoPMgL3A..&type=2&query=%E8%B7%AF%E8%A7%85%E8%BE%85%E5%AF%BC&token=E1560654C566EE462A2C6CE9F23761F12A2F0D38693CF12A)
- **路觅** - 重磅官宣!路觅教育「AI课程报告」正式上线啦  🔗 [查看原文](https://weixin.sogou.com/link?url=dn9a_-gY295K0Rci_xozVXfdMkSQTLW6cwJThYulHEtVjXrGTiVgSziln4oLtJd_dV77yDc2WTsnWnzBnTuUQ1qXa8Fplpd9v_nlth45BdbGcjPE2ekU4nqLOtYQypJcZAU6roy2W_-6fKL3XLWST7KtP08MdwyLr7ah0H6jKWnblHs24oFSM0Gdb-SIt0J8fjmGMmzV9iO0aW7rBmNChXRNTK9clmcjpaR5ygzXpdU7hzy_cUxkG1C9-OC44AfNrextIUyBPaRFH6In5Ei3zg..&type=2&query=%E8%B7%AF%E8%A7%85%E7%BD%91%E8%AF%BE&token=E156350DC566EE462A2C6CE9F23761F12A2F0D38693CF135)


================================================================================
